Archive member included because of file (symbol)

contiki-sky.a(contiki-sky-pla)
                              obj_sky/contiki-sky-main.o (init_platform)
contiki-sky.a(sht11-sensor.o)
                              tree_routing_bnn_prr_datasend.co (sht11_sensor)
contiki-sky.a(button-sensor.o)
                              contiki-sky.a(contiki-sky-pla) (button_sensor)
contiki-sky.a(ds2411.o)       obj_sky/contiki-sky-main.o (ds2411_init)
contiki-sky.a(xmem.o)         obj_sky/contiki-sky-main.o (xmem_init)
contiki-sky.a(node-id.o)      obj_sky/contiki-sky-main.o (node_id_restore)
contiki-sky.a(sensors.o)      contiki-sky.a(button-sensor.o) (sensors_changed)
contiki-sky.a(cc2420.o)       obj_sky/contiki-sky-main.o (cc2420_set_pan_addr)
contiki-sky.a(cc2420-arch.o)  contiki-sky.a(cc2420.o) (cc2420_arch_init)
contiki-sky.a(uart1.o)        obj_sky/contiki-sky-main.o (uart1_active)
contiki-sky.a(uart1-putchar.o)
                              tree_routing_bnn_prr_datasend.co (putchar)
contiki-sky.a(msp430.o)       contiki-sky.a(uart1.o) (msp430_add_lpm_req)
contiki-sky.a(clock.o)        tree_routing_bnn_prr_datasend.co (clock_time)
contiki-sky.a(leds.o)         obj_sky/contiki-sky-main.o (leds_init)
contiki-sky.a(leds-arch.o)    contiki-sky.a(leds.o) (leds_arch_init)
contiki-sky.a(watchdog.o)     obj_sky/contiki-sky-main.o (watchdog_start)
contiki-sky.a(rtimer-arch.o)  obj_sky/contiki-sky-main.o (rtimer_arch_now)
contiki-sky.a(autostart.o)    obj_sky/contiki-sky-main.o (autostart_start)
contiki-sky.a(ctimer.o)       obj_sky/contiki-sky-main.o (ctimer_init)
contiki-sky.a(energest.o)     obj_sky/contiki-sky-main.o (energest_init)
contiki-sky.a(etimer.o)       contiki-sky.a(clock.o) (etimer_request_poll)
contiki-sky.a(process.o)      contiki-sky.a(ctimer.o) (process_current)
contiki-sky.a(rtimer.o)       obj_sky/contiki-sky-main.o (rtimer_init)
contiki-sky.a(timer.o)        obj_sky/contiki-sky-main.o (timer_set)
contiki-sky.a(serial-line.o)  obj_sky/contiki-sky-main.o (serial_line_input_byte)
contiki-sky.a(list.o)         contiki-sky.a(ctimer.o) (list_init)
contiki-sky.a(random.o)       obj_sky/contiki-sky-main.o (random_init)
contiki-sky.a(ringbuf.o)      contiki-sky.a(serial-line.o) (ringbuf_init)
contiki-sky.a(broadcast.o)    tree_routing_bnn_prr_datasend.co (broadcast_open)
contiki-sky.a(channel.o)      contiki-sky.a(broadcast.o) (channel_set_attributes)
contiki-sky.a(rime.o)         obj_sky/contiki-sky-main.o (rime_driver)
contiki-sky.a(unicast.o)      tree_routing_bnn_prr_datasend.co (unicast_open)
contiki-sky.a(csma.o)         obj_sky/contiki-sky-main.o (csma_driver)
contiki-sky.a(mac.o)          contiki-sky.a(csma.o) (mac_call_sent_callback)
contiki-sky.a(nullrdc.o)      obj_sky/contiki-sky-main.o (nullrdc_driver)
contiki-sky.a(linkaddr.o)     obj_sky/contiki-sky-main.o (linkaddr_copy)
contiki-sky.a(packetbuf.o)    contiki-sky.a(rime.o) (packetbuf_compact)
contiki-sky.a(queuebuf.o)     contiki-sky.a(rime.o) (queuebuf_init)
contiki-sky.a(contikimac-fram)
                              contiki-sky.a(nullrdc.o) (contikimac_framer)
contiki-sky.a(nullsec.o)      obj_sky/contiki-sky-main.o (nullsec_driver)
contiki-sky.a(sht11.o)        contiki-sky.a(sht11-sensor.o) (sht11_init)
contiki-sky.a(spi.o)          contiki-sky.a(xmem.o) (spi_init)
contiki-sky.a(memb.o)         contiki-sky.a(csma.o) (memb_init)
contiki-sky.a(abc.o)          contiki-sky.a(broadcast.o) (abc_open)
contiki-sky.a(announcement.o)
                              contiki-sky.a(rime.o) (announcement_init)
contiki-sky.a(broadcast-annou)
                              contiki-sky.a(rime.o) (broadcast_announcement_init)
contiki-sky.a(chameleon.o)    contiki-sky.a(rime.o) (chameleon_init)
contiki-sky.a(framer-802154.o)
                              contiki-sky.a(contikimac-fram) (framer_802154)
contiki-sky.a(framer.o)       contiki-sky.a(framer-802154.o) (framer_canonical_create_and_secure)
contiki-sky.a(chameleon-bitop)
                              contiki-sky.a(chameleon.o) (chameleon_bitopt)
contiki-sky.a(frame802154.o)  contiki-sky.a(framer-802154.o) (frame802154_hdrlen)
/usr/lib/gcc/msp430/4.6.3/mmpy-16/libgcc.a(_mulsi3.o)
                              contiki-sky.a(csma.o) (__mulsi3)
/usr/lib/gcc/msp430/4.6.3/mmpy-16/libgcc.a(_udivmod16.o)
                              tree_routing_bnn_prr_datasend.co (__udivhi3)
/usr/lib/gcc/msp430/4.6.3/mmpy-16/libgcc.a(_udivmod32.o)
                              obj_sky/contiki-sky-main.o (__udivsi3)
/usr/lib/gcc/msp430/4.6.3/mmpy-16/libgcc.a(_addsub_sf.o)
                              tree_routing_bnn_prr_datasend.co (__addsf3)
/usr/lib/gcc/msp430/4.6.3/mmpy-16/libgcc.a(_mul_sf.o)
                              tree_routing_bnn_prr_datasend.co (__mulsf3)
/usr/lib/gcc/msp430/4.6.3/mmpy-16/libgcc.a(_div_sf.o)
                              tree_routing_bnn_prr_datasend.co (__divsf3)
/usr/lib/gcc/msp430/4.6.3/mmpy-16/libgcc.a(_eq_sf.o)
                              tree_routing_bnn_prr_datasend.co (__eqsf2)
[...]
Memory Configuration

Name             Origin             Length             Attributes
sfr              0x00000000         0x00000010
peripheral_8bit  0x00000010         0x000000f0
peripheral_16bit 0x00000100         0x00000100
ram_mirror       0x00000200         0x00000800         xw
infomem          0x00001000         0x00000100
infob            0x00001000         0x00000080
infoa            0x00001080         0x00000080
ram              0x00001100         0x00002800         xw
rom              0x00004000         0x0000bfe0         xr
vectors          0x0000ffe0         0x00000020
bsl              0x00000000         0x00000000
infoc            0x00000000         0x00000000
infod            0x00000000         0x00000000
ram2             0x00000000         0x00000000         xw
usbram           0x00000000         0x00000000         xw
far_rom          0x00000000         0x00000000
*default*        0x00000000         0xffffffff

Linker script and memory map

LOAD /usr/lib/gcc/msp430/4.6.3/mmpy-16/crt0ivtbl16.o
LOAD tree_routing_bnn_prr_datasend.co
LOAD obj_sky/contiki-sky-main.o
LOAD contiki-sky.a
LOAD /usr/lib/gcc/msp430/4.6.3/mmpy-16/libgcc.a
LOAD /usr/lib/gcc/msp430/4.6.3/../../../../msp430/lib/mmpy-16/libc.a
LOAD /usr/lib/gcc/msp430/4.6.3/mmpy-16/libgcc.a
LOAD /usr/lib/gcc/msp430/4.6.3/mmpy-16/libcrt0.a
                0x00000080                PROVIDE (__info_segment_size, 0x80)
                0x00001000                PROVIDE (__infob, 0x1000)
                0x00001080                PROVIDE (__infoa, 0x1080)
                0x00000000                __IE1 = 0x0
                0x00000002                __IFG1 = 0x2
                0x00000004                __ME1 = 0x4
                0x00000001                __IE2 = 0x1
                0x00000003                __IFG2 = 0x3
                0x00000005                __ME2 = 0x5
                0x00000120                __WDTCTL = 0x120
                0x00000130                __MPY = 0x130
                0x00000132                __MPYS = 0x132
                0x00000134                __MAC = 0x134
                0x00000136                __MACS = 0x136
                0x00000138                __OP2 = 0x138
                0x0000013a                __RESLO = 0x13a
                0x0000013c                __RESHI = 0x13c
                0x0000013e                __SUMEXT = 0x13e
                0x00000020                __P1IN = 0x20
                0x00000021                __P1OUT = 0x21
                0x00000022                __P1DIR = 0x22
                0x00000023                __P1IFG = 0x23
                0x00000024                __P1IES = 0x24
                0x00000025                __P1IE = 0x25
                0x00000026                __P1SEL = 0x26
                0x00000028                __P2IN = 0x28
                0x00000029                __P2OUT = 0x29
                0x0000002a                __P2DIR = 0x2a
                0x0000002b                __P2IFG = 0x2b
                0x0000002c                __P2IES = 0x2c
                0x0000002d                __P2IE = 0x2d
                0x0000002e                __P2SEL = 0x2e
                0x00000018                __P3IN = 0x18
                0x00000019                __P3OUT = 0x19
                0x0000001a                __P3DIR = 0x1a
                0x0000001b                __P3SEL = 0x1b
                0x0000001c                __P4IN = 0x1c
                0x0000001d                __P4OUT = 0x1d
                0x0000001e                __P4DIR = 0x1e
                0x0000001f                __P4SEL = 0x1f
                0x00000030                __P5IN = 0x30
                0x00000031                __P5OUT = 0x31
                0x00000032                __P5DIR = 0x32
                0x00000033                __P5SEL = 0x33
                0x00000034                __P6IN = 0x34
                0x00000035                __P6OUT = 0x35
                0x00000036                __P6DIR = 0x36
                0x00000037                __P6SEL = 0x37
                0x00000070                __U0CTL = 0x70
                0x00000071                __U0TCTL = 0x71
                0x00000072                __U0RCTL = 0x72
                0x00000073                __U0MCTL = 0x73
                0x00000074                __U0BR0 = 0x74
                0x00000075                __U0BR1 = 0x75
                0x00000076                __U0RXBUF = 0x76
                0x00000077                __U0TXBUF = 0x77
                0x00000078                __U1CTL = 0x78
                0x00000079                __U1TCTL = 0x79
                0x0000007a                __U1RCTL = 0x7a
                0x0000007b                __U1MCTL = 0x7b
                0x0000007c                __U1BR0 = 0x7c
                0x0000007d                __U1BR1 = 0x7d
                0x0000007e                __U1RXBUF = 0x7e
                0x0000007f                __U1TXBUF = 0x7f
                0x00000050                __I2CIE = 0x50
                0x00000051                __I2CIFG = 0x51
                0x00000052                __I2CNDAT = 0x52
                0x00000071                __I2CTCTL = 0x71
                0x00000072                __I2CDCTL = 0x72
                0x00000073                __I2CPSC = 0x73
                0x00000074                __I2CSCLH = 0x74
                0x00000075                __I2CSCLL = 0x75
                0x00000076                __I2CDRB = 0x76
                0x00000076                __I2CDRW = 0x76
                0x00000118                __I2COA = 0x118
                0x0000011a                __I2CSA = 0x11a
                0x0000011c                __I2CIV = 0x11c
                0x0000012e                __TAIV = 0x12e
                0x00000160                __TACTL = 0x160
                0x00000162                __TACCTL0 = 0x162
                0x00000164                __TACCTL1 = 0x164
                0x00000166                __TACCTL2 = 0x166
                0x00000170                __TAR = 0x170
                0x00000172                __TACCR0 = 0x172
                0x00000174                __TACCR1 = 0x174
                0x00000176                __TACCR2 = 0x176
                0x0000011e                __TBIV = 0x11e
                0x00000180                __TBCTL = 0x180
                0x00000182                __TBCCTL0 = 0x182
                0x00000184                __TBCCTL1 = 0x184
                0x00000186                __TBCCTL2 = 0x186
                0x00000188                __TBCCTL3 = 0x188
                0x0000018a                __TBCCTL4 = 0x18a
                0x0000018c                __TBCCTL5 = 0x18c
                0x0000018e                __TBCCTL6 = 0x18e
                0x00000190                __TBR = 0x190
                0x00000192                __TBCCR0 = 0x192
                0x00000194                __TBCCR1 = 0x194
                0x00000196                __TBCCR2 = 0x196
                0x00000198                __TBCCR3 = 0x198
                0x0000019a                __TBCCR4 = 0x19a
                0x0000019c                __TBCCR5 = 0x19c
                0x0000019e                __TBCCR6 = 0x19e
                0x00000056                __DCOCTL = 0x56
                0x00000057                __BCSCTL1 = 0x57
                0x00000058                __BCSCTL2 = 0x58
                0x00000055                __SVSCTL = 0x55
                0x00000128                __FCTL1 = 0x128
                0x0000012a                __FCTL2 = 0x12a
                0x0000012c                __FCTL3 = 0x12c
                0x00000059                __CACTL1 = 0x59
                0x0000005a                __CACTL2 = 0x5a
                0x0000005b                __CAPD = 0x5b
                0x000001a0                __ADC12CTL0 = 0x1a0
                0x000001a2                __ADC12CTL1 = 0x1a2
                0x000001a4                __ADC12IFG = 0x1a4
                0x000001a6                __ADC12IE = 0x1a6
                0x000001a8                __ADC12IV = 0x1a8
                0x00000140                __ADC12MEM0 = 0x140
                0x00000142                __ADC12MEM1 = 0x142
                0x00000144                __ADC12MEM2 = 0x144
                0x00000146                __ADC12MEM3 = 0x146
                0x00000148                __ADC12MEM4 = 0x148
                0x0000014a                __ADC12MEM5 = 0x14a
                0x0000014c                __ADC12MEM6 = 0x14c
                0x0000014e                __ADC12MEM7 = 0x14e
                0x00000150                __ADC12MEM8 = 0x150
                0x00000152                __ADC12MEM9 = 0x152
                0x00000154                __ADC12MEM10 = 0x154
                0x00000156                __ADC12MEM11 = 0x156
                0x00000158                __ADC12MEM12 = 0x158
                0x0000015a                __ADC12MEM13 = 0x15a
                0x0000015c                __ADC12MEM14 = 0x15c
                0x0000015e                __ADC12MEM15 = 0x15e
                0x00000080                __ADC12MCTL0 = 0x80
                0x00000081                __ADC12MCTL1 = 0x81
                0x00000082                __ADC12MCTL2 = 0x82
                0x00000083                __ADC12MCTL3 = 0x83
                0x00000084                __ADC12MCTL4 = 0x84
                0x00000085                __ADC12MCTL5 = 0x85
                0x00000086                __ADC12MCTL6 = 0x86
                0x00000087                __ADC12MCTL7 = 0x87
                0x00000088                __ADC12MCTL8 = 0x88
                0x00000089                __ADC12MCTL9 = 0x89
                0x0000008a                __ADC12MCTL10 = 0x8a
                0x0000008b                __ADC12MCTL11 = 0x8b
                0x0000008c                __ADC12MCTL12 = 0x8c
                0x0000008d                __ADC12MCTL13 = 0x8d
                0x0000008e                __ADC12MCTL14 = 0x8e
                0x0000008f                __ADC12MCTL15 = 0x8f
                0x000001c0                __DAC12_0CTL = 0x1c0
                0x000001c2                __DAC12_1CTL = 0x1c2
                0x000001c8                __DAC12_0DAT = 0x1c8
                0x000001ca                __DAC12_1DAT = 0x1ca
                0x00000122                __DMACTL0 = 0x122
                0x00000124                __DMACTL1 = 0x124
                0x000001e0                __DMA0CTL = 0x1e0
                0x000001e8                __DMA1CTL = 0x1e8
                0x000001f0                __DMA2CTL = 0x1f0
                0x000001e2                __DMA0SA = 0x1e2
                0x000001e4                __DMA0DA = 0x1e4
                0x000001e6                __DMA0SZ = 0x1e6
                0x000001ea                __DMA1SA = 0x1ea
                0x000001ec                __DMA1DA = 0x1ec
                0x000001ee                __DMA1SZ = 0x1ee
                0x000001f2                __DMA2SA = 0x1f2
                0x000001f4                __DMA2DA = 0x1f4
                0x000001f6                __DMA2SZ = 0x1f6

.hash
 *(.hash)

.dynsym
 *(.dynsym)

.dynstr
 *(.dynstr)

.gnu.version
 *(.gnu.version)

.gnu.version_d
 *(.gnu.version_d)

.gnu.version_r
 *(.gnu.version_r)

.rel.init
 *(.rel.init)

.rela.init
 *(.rela.init)

.rel.fini
 *(.rel.fini)

.rela.fini
 *(.rela.fini)

.rel.text
 *(.rel.text .rel.text.* .rel.gnu.linkonce.t.*)

.rela.text
 *(.rela.text .rela.text.* .rela.gnu.linkonce.t.*)

.rel.rodata
 *(.rel.rodata .rel.rodata.* .rel.gnu.linkonce.r.*)

.rela.rodata
 *(.rela.rodata .rela.rodata.* .rela.gnu.linkonce.r.*)

.rel.data
 *(.rel.data .rel.data.* .rel.gnu.linkonce.d.*)

.rela.data
 *(.rela.data .rela.data.* .rela.gnu.linkonce.d.*)

.rel.bss
 *(.rel.bss .rel.bss.* .rel.gnu.linkonce.b.*)

.rela.bss
 *(.rela.bss .rela.bss.* .rela.gnu.linkonce.b.*)

.rel.ctors
 *(.rel.ctors)

.rela.ctors
 *(.rela.ctors)

.rel.dtors
 *(.rel.dtors)

.rela.dtors
 *(.rela.dtors)

.rel.got
 *(.rel.got)

.rela.got
 *(.rela.got)

.rel.plt
 *(.rel.plt)

.rela.plt
 *(.rela.plt)

.text           0x00004000     0x61a6
                0x00004000                . = ALIGN (0x2)
 *(.init .init.*)
 *(.init0)
 .init0         0x00004000        0x0 /usr/lib/gcc/msp430/4.6.3/mmpy-16/libcrt0.a(_reset_vector__.o)
                0x00004000                _reset_vector__
 *(.init1)
 .init1         0x00004000        0xc /usr/lib/gcc/msp430/4.6.3/mmpy-16/libcrt0.a(__watchdog_support.o)
                0x00004000                __watchdog_support
 *(.init2)
 .init2         0x0000400c        0x4 /usr/lib/gcc/msp430/4.6.3/mmpy-16/libcrt0.a(__init_stack.o)
                0x0000400c                __init_stack
 *(.init3)
 .init3         0x00004010        0x0 /usr/lib/gcc/msp430/4.6.3/mmpy-16/libcrt0.a(__low_level_init.o)
                0x00004010                __low_level_init
 *(.init4)
 .init4         0x00004010       0x18 /usr/lib/gcc/msp430/4.6.3/mmpy-16/libcrt0.a(_copy_data.o)
                0x00004010                __do_copy_data
 .init4         0x00004028       0x16 /usr/lib/gcc/msp430/4.6.3/mmpy-16/libcrt0.a(_clear_bss.o)
                0x00004028                __do_clear_bss
 *(.init5)
 *(.init6)
 *(.init7)
 *(.init8)
 *(.init9)
 .init9         0x0000403e      0x2d0 obj_sky/contiki-sky-main.o
                0x0000403e                main
 *(.fini9)
 .fini9         0x0000430e        0x0 /usr/lib/gcc/msp430/4.6.3/mmpy-16/libcrt0.a(__stop_progExec__.o)
                0x0000430e                __stop_progExec__
 *(.fini8)
 *(.fini7)
 *(.fini6)
 *(.fini5)
 *(.fini4)
 *(.fini3)
 *(.fini2)
 *(.fini1)
 *(.fini0)
 .fini0         0x0000430e        0x6 /usr/lib/gcc/msp430/4.6.3/mmpy-16/libcrt0.a(_endless_loop__.o)
                0x0000430e                _endless_loop__
 *(.fini .fini.*)
                0x00004314                . = ALIGN (0x2)
                0x00004314                __ctors_start = .
 *(.ctors)
                0x00004314                __ctors_end = .
                0x00004314                __dtors_start = .
 *(.dtors)
                0x00004314                __dtors_end = .
                0x00004314                . = ALIGN (0x2)
 *(.text .text.* .gnu.linkonce.t.*)
 .text          0x00004314        0x4 /usr/lib/gcc/msp430/4.6.3/mmpy-16/crt0ivtbl16.o
                0x00004314                __isr_14
                0x00004314                __isr_11
                0x00004314                __isr_2
                0x00004314                __isr_7
                0x00004314                __isr_0
                0x00004314                __isr_8
                0x00004314                __isr_3
                0x00004314                __isr_12
                0x00004314                __isr_13
                0x00004314                __isr_9
 .text.nbr_find
                0x00004318       0x24 tree_routing_bnn_prr_datasend.co
 .text.prr_bump
                0x0000433c       0x84 tree_routing_bnn_prr_datasend.co
 .text.parent_set
                0x000043c0       0x6c tree_routing_bnn_prr_datasend.co
 .text.process_thread_proc_stats
                0x0000442c      0x100 tree_routing_bnn_prr_datasend.co
 .text.process_thread_proc_pick
                0x0000452c      0x21e tree_routing_bnn_prr_datasend.co
 .text.nbr_touch
                0x0000474a       0x18 tree_routing_bnn_prr_datasend.co
 .text.cb_uc_ack
                0x00004762       0x4c tree_routing_bnn_prr_datasend.co
 .text.data_send
                0x000047ae       0x36 tree_routing_bnn_prr_datasend.co
 .text.process_thread_proc_data
                0x000047e4      0x11a tree_routing_bnn_prr_datasend.co
 .text.cb_uc_data
                0x000048fe       0xee tree_routing_bnn_prr_datasend.co
 .text.process_thread_proc_route
                0x000049ec      0x134 tree_routing_bnn_prr_datasend.co
 .text.led_off_cb
                0x00004b20        0x8 tree_routing_bnn_prr_datasend.co
 .text.cb_bc    0x00004b28      0x174 tree_routing_bnn_prr_datasend.co
 .text.start_network_layer
                0x00004c9c       0x3c obj_sky/contiki-sky-main.o
 .text.init_platform
                0x00004cd8        0xc contiki-sky.a(contiki-sky-pla)
                0x00004cd8                init_platform
 .text.status   0x00004ce4       0x18 contiki-sky.a(sht11-sensor.o)
 .text.configure
                0x00004cfc       0x40 contiki-sky.a(sht11-sensor.o)
 .text.value    0x00004d3c       0x2e contiki-sky.a(sht11-sensor.o)
 .text.status   0x00004d6a       0x16 contiki-sky.a(button-sensor.o)
 .text.configure
                0x00004d80       0x52 contiki-sky.a(button-sensor.o)
 .text.value    0x00004dd2       0x22 contiki-sky.a(button-sensor.o)
 .text.irq_p2   0x00004df4       0x8a contiki-sky.a(button-sensor.o)
                0x00004df4                irq_p2
                0x00004df4                __isr_1
 .text.owreadb  0x00004e7e       0x52 contiki-sky.a(ds2411.o)
 .text.ds2411_init
                0x00004ed0      0x122 contiki-sky.a(ds2411.o)
                0x00004ed0                ds2411_init
 .text.wait_ready
                0x00004ff2       0x50 contiki-sky.a(xmem.o)
 .text.xmem_init
                0x00005042       0x3e contiki-sky.a(xmem.o)
                0x00005042                xmem_init
 .text.xmem_pread
                0x00005080       0xea contiki-sky.a(xmem.o)
                0x00005080                xmem_pread
 .text.node_id_restore
                0x0000516a       0x38 contiki-sky.a(node-id.o)
                0x0000516a                node_id_restore
 .text.process_thread_sensors_process
                0x000051a2       0xbe contiki-sky.a(sensors.o)
 .text.sensors_changed
                0x00005260       0x2a contiki-sky.a(sensors.o)
                0x00005260                sensors_changed
 .text.get_object
                0x0000528a        0x4 contiki-sky.a(cc2420.o)
 .text.set_object
                0x0000528e        0x4 contiki-sky.a(cc2420.o)
 .text.strobe   0x00005292       0x20 contiki-sky.a(cc2420.o)
 .text.getreg   0x000052b2       0x54 contiki-sky.a(cc2420.o)
 .text.setreg   0x00005306       0x52 contiki-sky.a(cc2420.o)
 .text.write_ram
                0x00005358       0x80 contiki-sky.a(cc2420.o)
 .text.write_fifo_buf
                0x000053d8       0x40 contiki-sky.a(cc2420.o)
 .text.get_status
                0x00005418       0x24 contiki-sky.a(cc2420.o)
 .text.set_txpower
                0x0000543c       0x26 contiki-sky.a(cc2420.o)
 .text.cc2420_receiving_packet
                0x00005462        0xe contiki-sky.a(cc2420.o)
 .text.pending_packet
                0x00005470        0x8 contiki-sky.a(cc2420.o)
 .text.on       0x00005478       0x1e contiki-sky.a(cc2420.o)
 .text.wait_for_transmission
                0x00005496       0x22 contiki-sky.a(cc2420.o)
 .text.wait_for_status
                0x000054b8       0x2a contiki-sky.a(cc2420.o)
 .text.getrxdata
                0x000054e2       0x56 contiki-sky.a(cc2420.o)
 .text.flushrx  0x00005538       0x1a contiki-sky.a(cc2420.o)
 .text.off      0x00005552       0x5a contiki-sky.a(cc2420.o)
 .text.RELEASE_LOCK
                0x000055ac       0x28 contiki-sky.a(cc2420.o)
 .text.set_key  0x000055d4       0x18 contiki-sky.a(cc2420.o)
 .text.cc2420_prepare
                0x000055ec       0x3c contiki-sky.a(cc2420.o)
 .text.cc2420_on
                0x00005628       0x22 contiki-sky.a(cc2420.o)
                0x00005628                cc2420_on
 .text.cc2420_off
                0x0000564a       0x30 contiki-sky.a(cc2420.o)
                0x0000564a                cc2420_off
 .text.cc2420_cca
                0x0000567a       0x5e contiki-sky.a(cc2420.o)
 .text.cc2420_read
                0x000056d8       0xb0 contiki-sky.a(cc2420.o)
 .text.process_thread_cc2420_process
                0x00005788       0x50 contiki-sky.a(cc2420.o)
 .text.encrypt  0x000057d8       0x8e contiki-sky.a(cc2420.o)
 .text.cc2420_set_channel
                0x00005866       0x3c contiki-sky.a(cc2420.o)
                0x00005866                cc2420_set_channel
 .text.cc2420_set_pan_addr
                0x000058a2       0x4c contiki-sky.a(cc2420.o)
                0x000058a2                cc2420_set_pan_addr
 .text.cc2420_interrupt
                0x000058ee       0x18 contiki-sky.a(cc2420.o)
                0x000058ee                cc2420_interrupt
 .text.cc2420_set_txpower
                0x00005906        0xe contiki-sky.a(cc2420.o)
                0x00005906                cc2420_set_txpower
 .text.cc2420_get_txpower
                0x00005914       0x1e contiki-sky.a(cc2420.o)
                0x00005914                cc2420_get_txpower
 .text.cc2420_transmit
                0x00005932      0x12a contiki-sky.a(cc2420.o)
 .text.cc2420_send
                0x00005a5c       0x12 contiki-sky.a(cc2420.o)
 .text.cc2420_rssi
                0x00005a6e       0x4c contiki-sky.a(cc2420.o)
                0x00005a6e                cc2420_rssi
 .text.get_value
                0x00005aba       0xac contiki-sky.a(cc2420.o)
 .text.cc2420_set_cca_threshold
                0x00005b66       0x16 contiki-sky.a(cc2420.o)
                0x00005b66                cc2420_set_cca_threshold
 .text.set_value
                0x00005b7c       0x8a contiki-sky.a(cc2420.o)
 .text.cc2420_init
                0x00005c06       0xde contiki-sky.a(cc2420.o)
                0x00005c06                cc2420_init
 .text.cc2420_port1_interrupt
                0x00005ce4       0x62 contiki-sky.a(cc2420-arch.o)
                0x00005ce4                __isr_4
                0x00005ce4                cc2420_port1_interrupt
 .text.cc2420_arch_init
                0x00005d46       0x1a contiki-sky.a(cc2420-arch.o)
                0x00005d46                cc2420_arch_init
 .text.handle_rxdma_timer
                0x00005d60       0x3a contiki-sky.a(uart1.o)
 .text.uart1_active
                0x00005d9a       0x1a contiki-sky.a(uart1.o)
                0x00005d9a                uart1_active
 .text.uart1_set_input
                0x00005db4       0x20 contiki-sky.a(uart1.o)
                0x00005db4                uart1_set_input
 .text.uart1_writeb
                0x00005dd4       0x1a contiki-sky.a(uart1.o)
                0x00005dd4                uart1_writeb
 .text.uart1_init
                0x00005dee       0xf6 contiki-sky.a(uart1.o)
                0x00005dee                uart1_init
 .text.putchar  0x00005ee4       0x10 contiki-sky.a(uart1-putchar.o)
                0x00005ee4                putchar
 .text.msp430_init_dco
                0x00005ef4       0x84 contiki-sky.a(msp430.o)
                0x00005ef4                msp430_init_dco
 .text.msp430_add_lpm_req
                0x00005f78        0xc contiki-sky.a(msp430.o)
                0x00005f78                msp430_add_lpm_req
 .text.msp430_cpu_init
                0x00005f84       0x2a contiki-sky.a(msp430.o)
                0x00005f84                msp430_cpu_init
 .text.splhigh_
                0x00005fae        0x8 contiki-sky.a(msp430.o)
                0x00005fae                splhigh_
 .text.msp430_sync_dco
                0x00005fb6       0x68 contiki-sky.a(msp430.o)
                0x00005fb6                msp430_sync_dco
 .text.timera1  0x0000601e      0x11e contiki-sky.a(clock.o)
                0x0000601e                __isr_5
                0x0000601e                timera1
 .text.clock_time
                0x0000613c       0x1a contiki-sky.a(clock.o)
                0x0000613c                clock_time
 .text.clock_init
                0x00006156       0x28 contiki-sky.a(clock.o)
                0x00006156                clock_init
 .text.clock_delay
                0x0000617e        0xc contiki-sky.a(clock.o)
                0x0000617e                clock_delay
 .text.clock_wait
                0x0000618a       0x34 contiki-sky.a(clock.o)
                0x0000618a                clock_wait
 .text.show_leds
                0x000061be       0xf6 contiki-sky.a(leds.o)
 .text.leds_init
                0x000062b4        0xa contiki-sky.a(leds.o)
                0x000062b4                leds_init
 .text.leds_on  0x000062be        0xa contiki-sky.a(leds.o)
                0x000062be                leds_on
 .text.leds_off
                0x000062c8        0xe contiki-sky.a(leds.o)
                0x000062c8                leds_off
 .text.leds_arch_init
                0x000062d6        0xe contiki-sky.a(leds-arch.o)
                0x000062d6                leds_arch_init
 .text.leds_arch_set
                0x000062e4       0x3a contiki-sky.a(leds-arch.o)
                0x000062e4                leds_arch_set
 .text.watchdog_interrupt
                0x0000631e        0x6 contiki-sky.a(watchdog.o)
                0x0000631e                __isr_10
                0x0000631e                watchdog_interrupt
 .text.watchdog_start
                0x00006324       0x14 contiki-sky.a(watchdog.o)
                0x00006324                watchdog_start
 .text.watchdog_periodic
                0x00006338       0x12 contiki-sky.a(watchdog.o)
                0x00006338                watchdog_periodic
 .text.watchdog_stop
                0x0000634a       0x16 contiki-sky.a(watchdog.o)
                0x0000634a                watchdog_stop
 .text.watchdog_init
                0x00006360       0x14 contiki-sky.a(watchdog.o)
                0x00006360                watchdog_init
 .text.rtimer_arch_init
                0x00006374        0xe contiki-sky.a(rtimer-arch.o)
                0x00006374                rtimer_arch_init
 .text.rtimer_arch_now
                0x00006382        0xe contiki-sky.a(rtimer-arch.o)
                0x00006382                rtimer_arch_now
 .text.timera0  0x00006390       0x70 contiki-sky.a(rtimer-arch.o)
                0x00006390                __isr_6
                0x00006390                timera0
 .text.rtimer_arch_schedule
                0x00006400        0x6 contiki-sky.a(rtimer-arch.o)
                0x00006400                rtimer_arch_schedule
 .text.autostart_start
                0x00006406       0x16 contiki-sky.a(autostart.o)
                0x00006406                autostart_start
 .text.process_thread_ctimer_process
                0x0000641c       0xa4 contiki-sky.a(ctimer.o)
 .text.ctimer_init
                0x000064c0       0x18 contiki-sky.a(ctimer.o)
                0x000064c0                ctimer_init
 .text.ctimer_set
                0x000064d8       0x50 contiki-sky.a(ctimer.o)
                0x000064d8                ctimer_set
 .text.ctimer_reset
                0x00006528       0x30 contiki-sky.a(ctimer.o)
                0x00006528                ctimer_reset
 .text.ctimer_stop
                0x00006558       0x28 contiki-sky.a(ctimer.o)
                0x00006558                ctimer_stop
 .text.energest_init
                0x00006580       0x28 contiki-sky.a(energest.o)
                0x00006580                energest_init
 .text.energest_type_time
                0x000065a8       0x46 contiki-sky.a(energest.o)
                0x000065a8                energest_type_time
 .text.energest_type_set
                0x000065ee        0xe contiki-sky.a(energest.o)
                0x000065ee                energest_type_set
 .text.energest_flush
                0x000065fc       0x48 contiki-sky.a(energest.o)
                0x000065fc                energest_flush
 .text.update_time
                0x00006644       0x78 contiki-sky.a(etimer.o)
 .text.etimer_request_poll
                0x000066bc        0xa contiki-sky.a(etimer.o)
                0x000066bc                etimer_request_poll
 .text.process_thread_etimer_process
                0x000066c6       0xc8 contiki-sky.a(etimer.o)
 .text.add_timer
                0x0000678e       0x40 contiki-sky.a(etimer.o)
 .text.etimer_set
                0x000067ce       0x12 contiki-sky.a(etimer.o)
                0x000067ce                etimer_set
 .text.etimer_reset
                0x000067e0       0x12 contiki-sky.a(etimer.o)
                0x000067e0                etimer_reset
 .text.etimer_expired
                0x000067f2        0xe contiki-sky.a(etimer.o)
                0x000067f2                etimer_expired
 .text.etimer_pending
                0x00006800        0xc contiki-sky.a(etimer.o)
                0x00006800                etimer_pending
 .text.etimer_next_expiration_time
                0x0000680c       0x16 contiki-sky.a(etimer.o)
                0x0000680c                etimer_next_expiration_time
 .text.etimer_stop
                0x00006822       0x3c contiki-sky.a(etimer.o)
                0x00006822                etimer_stop
 .text.call_process
                0x0000685e       0x4a contiki-sky.a(process.o)
 .text.exit_process
                0x000068a8       0x96 contiki-sky.a(process.o)
 .text.do_poll  0x0000693e       0x30 contiki-sky.a(process.o)
 .text.process_alloc_event
                0x0000696e        0xe contiki-sky.a(process.o)
                0x0000696e                process_alloc_event
 .text.process_init
                0x0000697c       0x1c contiki-sky.a(process.o)
                0x0000697c                process_init
 .text.process_run
                0x00006998       0xa2 contiki-sky.a(process.o)
                0x00006998                process_run
 .text.process_nevents
                0x00006a3a        0xe contiki-sky.a(process.o)
                0x00006a3a                process_nevents
 .text.process_post
                0x00006a48       0x54 contiki-sky.a(process.o)
                0x00006a48                process_post
 .text.process_post_synch
                0x00006a9c       0x12 contiki-sky.a(process.o)
                0x00006a9c                process_post_synch
 .text.process_start
                0x00006aae       0x32 contiki-sky.a(process.o)
                0x00006aae                process_start
 .text.process_poll
                0x00006ae0       0x18 contiki-sky.a(process.o)
                0x00006ae0                process_poll
 .text.rtimer_init
                0x00006af8        0x6 contiki-sky.a(rtimer.o)
                0x00006af8                rtimer_init
 .text.rtimer_run_next
                0x00006afe       0x26 contiki-sky.a(rtimer.o)
                0x00006afe                rtimer_run_next
 .text.timer_set
                0x00006b24       0x1c contiki-sky.a(timer.o)
                0x00006b24                timer_set
 .text.timer_reset
                0x00006b40        0xe contiki-sky.a(timer.o)
                0x00006b40                timer_reset
 .text.timer_expired
                0x00006b4e       0x2a contiki-sky.a(timer.o)
                0x00006b4e                timer_expired
 .text.process_thread_serial_line_process
                0x00006b78       0x9c contiki-sky.a(serial-line.o)
 .text.serial_line_input_byte
                0x00006c14       0x4a contiki-sky.a(serial-line.o)
                0x00006c14                serial_line_input_byte
 .text.serial_line_init
                0x00006c5e       0x1c contiki-sky.a(serial-line.o)
                0x00006c5e                serial_line_init
 .text.list_init
                0x00006c7a        0x6 contiki-sky.a(list.o)
                0x00006c7a                list_init
 .text.list_head
                0x00006c80        0x4 contiki-sky.a(list.o)
                0x00006c80                list_head
 .text.list_tail
                0x00006c84       0x12 contiki-sky.a(list.o)
                0x00006c84                list_tail
 .text.list_remove
                0x00006c96       0x34 contiki-sky.a(list.o)
                0x00006c96                list_remove
 .text.list_push
                0x00006cca       0x1a contiki-sky.a(list.o)
                0x00006cca                list_push
 .text.list_add
                0x00006ce4       0x2a contiki-sky.a(list.o)
                0x00006ce4                list_add
 .text.list_length
                0x00006d0e       0x10 contiki-sky.a(list.o)
                0x00006d0e                list_length
 .text.list_item_next
                0x00006d1e        0xc contiki-sky.a(list.o)
                0x00006d1e                list_item_next
 .text.random_init
                0x00006d2a        0x6 contiki-sky.a(random.o)
                0x00006d2a                random_init
 .text.random_rand
                0x00006d30        0x6 contiki-sky.a(random.o)
                0x00006d30                random_rand
 .text.ringbuf_init
                0x00006d36       0x14 contiki-sky.a(ringbuf.o)
                0x00006d36                ringbuf_init
 .text.ringbuf_put
                0x00006d4a       0x38 contiki-sky.a(ringbuf.o)
                0x00006d4a                ringbuf_put
 .text.ringbuf_get
                0x00006d82       0x32 contiki-sky.a(ringbuf.o)
                0x00006d82                ringbuf_get
 .text.sent_by_abc
                0x00006db4       0x52 contiki-sky.a(broadcast.o)
 .text.recv_from_abc
                0x00006e06       0x4a contiki-sky.a(broadcast.o)
 .text.broadcast_open
                0x00006e50       0x2a contiki-sky.a(broadcast.o)
                0x00006e50                broadcast_open
 .text.broadcast_close
                0x00006e7a        0x6 contiki-sky.a(broadcast.o)
                0x00006e7a                broadcast_close
 .text.broadcast_send
                0x00006e80       0x36 contiki-sky.a(broadcast.o)
                0x00006e80                broadcast_send
 .text.channel_init
                0x00006eb6        0xa contiki-sky.a(channel.o)
                0x00006eb6                channel_init
 .text.channel_open
                0x00006ec0       0x10 contiki-sky.a(channel.o)
                0x00006ec0                channel_open
 .text.channel_close
                0x00006ed0        0xc contiki-sky.a(channel.o)
                0x00006ed0                channel_close
 .text.channel_lookup
                0x00006edc       0x20 contiki-sky.a(channel.o)
                0x00006edc                channel_lookup
 .text.channel_set_attributes
                0x00006efc       0x24 contiki-sky.a(channel.o)
                0x00006efc                channel_set_attributes
 .text.input    0x00006f20       0x3a contiki-sky.a(rime.o)
 .text.init     0x00006f5a       0x2e contiki-sky.a(rime.o)
 .text.packet_sent
                0x00006f88       0x80 contiki-sky.a(rime.o)
 .text.rime_output
                0x00007008       0x24 contiki-sky.a(rime.o)
                0x00007008                rime_output
 .text.sent_by_broadcast
                0x0000702c       0x10 contiki-sky.a(unicast.o)
 .text.recv_from_broadcast
                0x0000703c       0x2e contiki-sky.a(unicast.o)
 .text.unicast_open
                0x0000706a       0x2a contiki-sky.a(unicast.o)
                0x0000706a                unicast_open
 .text.unicast_close
                0x00007094        0x6 contiki-sky.a(unicast.o)
                0x00007094                unicast_close
 .text.unicast_send
                0x0000709a       0x16 contiki-sky.a(unicast.o)
                0x0000709a                unicast_send
 .text.input_packet
                0x000070b0        0x6 contiki-sky.a(csma.o)
 .text.on       0x000070b6        0x6 contiki-sky.a(csma.o)
 .text.off      0x000070bc        0x6 contiki-sky.a(csma.o)
 .text.channel_check_interval
                0x000070c2       0x10 contiki-sky.a(csma.o)
 .text.transmit_packet_list
                0x000070d2       0x24 contiki-sky.a(csma.o)
 .text.send_packet
                0x000070f6      0x184 contiki-sky.a(csma.o)
 .text.init     0x0000727a       0x1a contiki-sky.a(csma.o)
 .text.free_packet
                0x00007294       0x98 contiki-sky.a(csma.o)
 .text.packet_sent
                0x0000732c      0x12e contiki-sky.a(csma.o)
 .text.mac_call_sent_callback
                0x0000745a       0x14 contiki-sky.a(mac.o)
                0x0000745a                mac_call_sent_callback
 .text.on       0x0000746e        0x6 contiki-sky.a(nullrdc.o)
 .text.channel_check_interval
                0x00007474        0x4 contiki-sky.a(nullrdc.o)
 .text.init     0x00007478        0x6 contiki-sky.a(nullrdc.o)
 .text.send_one_packet
                0x0000747e       0x6a contiki-sky.a(nullrdc.o)
 .text.send_list
                0x000074e8       0x30 contiki-sky.a(nullrdc.o)
 .text.send_packet
                0x00007518        0x6 contiki-sky.a(nullrdc.o)
 .text.off      0x0000751e       0x10 contiki-sky.a(nullrdc.o)
 .text.packet_input
                0x0000752e       0x26 contiki-sky.a(nullrdc.o)
 .text.linkaddr_copy
                0x00007554        0xc contiki-sky.a(linkaddr.o)
                0x00007554                linkaddr_copy
 .text.linkaddr_cmp
                0x00007560       0x12 contiki-sky.a(linkaddr.o)
                0x00007560                linkaddr_cmp
 .text.linkaddr_set_node_addr
                0x00007572        0xc contiki-sky.a(linkaddr.o)
                0x00007572                linkaddr_set_node_addr
 .text.packetbuf_compact
                0x0000757e       0x2e contiki-sky.a(packetbuf.o)
                0x0000757e                packetbuf_compact
 .text.packetbuf_copyto
                0x000075ac       0x52 contiki-sky.a(packetbuf.o)
                0x000075ac                packetbuf_copyto
 .text.packetbuf_hdrreduce
                0x000075fe       0x1a contiki-sky.a(packetbuf.o)
                0x000075fe                packetbuf_hdrreduce
 .text.packetbuf_set_datalen
                0x00007618        0x6 contiki-sky.a(packetbuf.o)
                0x00007618                packetbuf_set_datalen
 .text.packetbuf_dataptr
                0x0000761e        0xe contiki-sky.a(packetbuf.o)
                0x0000761e                packetbuf_dataptr
 .text.packetbuf_hdrptr
                0x0000762c        0xa contiki-sky.a(packetbuf.o)
                0x0000762c                packetbuf_hdrptr
 .text.packetbuf_datalen
                0x00007636        0x6 contiki-sky.a(packetbuf.o)
                0x00007636                packetbuf_datalen
 .text.packetbuf_hdrlen
                0x0000763c       0x10 contiki-sky.a(packetbuf.o)
                0x0000763c                packetbuf_hdrlen
 .text.packetbuf_totlen
                0x0000764c        0xc contiki-sky.a(packetbuf.o)
                0x0000764c                packetbuf_totlen
 .text.packetbuf_hdralloc
                0x00007658       0x2e contiki-sky.a(packetbuf.o)
                0x00007658                packetbuf_hdralloc
 .text.packetbuf_attr_clear
                0x00007686       0x2c contiki-sky.a(packetbuf.o)
                0x00007686                packetbuf_attr_clear
 .text.packetbuf_clear
                0x000076b2       0x1a contiki-sky.a(packetbuf.o)
                0x000076b2                packetbuf_clear
 .text.packetbuf_copyfrom
                0x000076cc       0x2e contiki-sky.a(packetbuf.o)
                0x000076cc                packetbuf_copyfrom
 .text.packetbuf_attr_copyto
                0x000076fa       0x20 contiki-sky.a(packetbuf.o)
                0x000076fa                packetbuf_attr_copyto
 .text.packetbuf_attr_copyfrom
                0x0000771a       0x22 contiki-sky.a(packetbuf.o)
                0x0000771a                packetbuf_attr_copyfrom
 .text.packetbuf_holds_broadcast
                0x0000773c        0xe contiki-sky.a(packetbuf.o)
                0x0000773c                packetbuf_holds_broadcast
 .text.queuebuf_init
                0x0000774a       0x12 contiki-sky.a(queuebuf.o)
                0x0000774a                queuebuf_init
 .text.queuebuf_new_from_packetbuf
                0x0000775c       0x52 contiki-sky.a(queuebuf.o)
                0x0000775c                queuebuf_new_from_packetbuf
 .text.queuebuf_update_attr_from_packetbuf
                0x000077ae       0x12 contiki-sky.a(queuebuf.o)
                0x000077ae                queuebuf_update_attr_from_packetbuf
 .text.queuebuf_free
                0x000077c0       0x2a contiki-sky.a(queuebuf.o)
                0x000077c0                queuebuf_free
 .text.queuebuf_to_packetbuf
                0x000077ea       0x32 contiki-sky.a(queuebuf.o)
                0x000077ea                queuebuf_to_packetbuf
 .text.queuebuf_attr
                0x0000781c        0xe contiki-sky.a(queuebuf.o)
                0x0000781c                queuebuf_attr
 .text.hdr_length
                0x0000782a        0x8 contiki-sky.a(contikimac-fram)
 .text.parse    0x00007832       0x3e contiki-sky.a(contikimac-fram)
 .text.create   0x00007870       0x2a contiki-sky.a(contikimac-fram)
 .text.create_and_secure
                0x0000789a       0x6a contiki-sky.a(contikimac-fram)
 .text.bootstrap
                0x00007904        0x4 contiki-sky.a(nullsec.o)
 .text.send     0x00007908        0xa contiki-sky.a(nullsec.o)
 .text.on_frame_created
                0x00007912        0x4 contiki-sky.a(nullsec.o)
 .text.input    0x00007916        0x6 contiki-sky.a(nullsec.o)
 .text.get_overhead
                0x0000791c        0x4 contiki-sky.a(nullsec.o)
 .text.crc8_add
                0x00007920       0x1c contiki-sky.a(sht11.o)
 .text.sstart   0x0000793c       0x3e contiki-sky.a(sht11.o)
 .text.swrite   0x0000797a       0x52 contiki-sky.a(sht11.o)
 .text.sread    0x000079cc       0x4e contiki-sky.a(sht11.o)
 .text.sreset   0x00007a1a       0x2a contiki-sky.a(sht11.o)
 .text.scmd.part.0
                0x00007a44       0xb0 contiki-sky.a(sht11.o)
 .text.sht11_init
                0x00007af4       0x1a contiki-sky.a(sht11.o)
                0x00007af4                sht11_init
 .text.sht11_off
                0x00007b0e       0x14 contiki-sky.a(sht11.o)
                0x00007b0e                sht11_off
 .text.sht11_temp
                0x00007b22        0xa contiki-sky.a(sht11.o)
                0x00007b22                sht11_temp
 .text.sht11_humidity
                0x00007b2c        0xa contiki-sky.a(sht11.o)
                0x00007b2c                sht11_humidity
 .text.sht11_sreg
                0x00007b36       0x7a contiki-sky.a(sht11.o)
                0x00007b36                sht11_sreg
 .text.spi_init
                0x00007bb0       0x32 contiki-sky.a(spi.o)
                0x00007bb0                spi_init
 .text.memb_init
                0x00007be2       0x36 contiki-sky.a(memb.o)
                0x00007be2                memb_init
 .text.memb_alloc
                0x00007c18       0x3e contiki-sky.a(memb.o)
                0x00007c18                memb_alloc
 .text.memb_free
                0x00007c56       0x3a contiki-sky.a(memb.o)
                0x00007c56                memb_free
 .text.memb_inmemb
                0x00007c90       0x2e contiki-sky.a(memb.o)
                0x00007c90                memb_inmemb
 .text.abc_open
                0x00007cbe       0x26 contiki-sky.a(abc.o)
                0x00007cbe                abc_open
 .text.abc_close
                0x00007ce4        0x6 contiki-sky.a(abc.o)
                0x00007ce4                abc_close
 .text.abc_send
                0x00007cea        0x6 contiki-sky.a(abc.o)
                0x00007cea                abc_send
 .text.abc_input
                0x00007cf0        0xe contiki-sky.a(abc.o)
                0x00007cf0                abc_input
 .text.abc_sent
                0x00007cfe       0x10 contiki-sky.a(abc.o)
                0x00007cfe                abc_sent
 .text.announcement_init
                0x00007d0e        0xa contiki-sky.a(announcement.o)
                0x00007d0e                announcement_init
 .text.announcement_register_observer_callback
                0x00007d18        0x6 contiki-sky.a(announcement.o)
                0x00007d18                announcement_register_observer_callback
 .text.announcement_list
                0x00007d1e        0xa contiki-sky.a(announcement.o)
                0x00007d1e                announcement_list
 .text.announcement_heard
                0x00007d28       0x42 contiki-sky.a(announcement.o)
                0x00007d28                announcement_heard
 .text.adv_packet_sent
                0x00007d6a        0x2 contiki-sky.a(broadcast-annou)
 .text.adv_packet_received
                0x00007d6c       0x66 contiki-sky.a(broadcast-annou)
 .text.set_timers
                0x00007dd2       0x4a contiki-sky.a(broadcast-annou)
 .text.send_timer
                0x00007e1c       0x36 contiki-sky.a(broadcast-annou)
 .text.new_announcement
                0x00007e52       0x18 contiki-sky.a(broadcast-annou)
 .text.send_adv
                0x00007e6a       0x66 contiki-sky.a(broadcast-annou)
 .text.broadcast_announcement_init
                0x00007ed0       0x48 contiki-sky.a(broadcast-annou)
                0x00007ed0                broadcast_announcement_init
 .text.chameleon_init
                0x00007f18        0x6 contiki-sky.a(chameleon.o)
                0x00007f18                chameleon_init
 .text.chameleon_parse
                0x00007f1e       0x10 contiki-sky.a(chameleon.o)
                0x00007f1e                chameleon_parse
 .text.chameleon_create
                0x00007f2e       0x1c contiki-sky.a(chameleon.o)
                0x00007f2e                chameleon_create
 .text.chameleon_hdrsize
                0x00007f4a        0x6 contiki-sky.a(chameleon.o)
                0x00007f4a                chameleon_hdrsize
 .text.parse    0x00007f50       0x9e contiki-sky.a(framer-802154.o)
 .text.create_frame.isra.0
                0x00007fee      0x104 contiki-sky.a(framer-802154.o)
 .text.create   0x000080f2        0x8 contiki-sky.a(framer-802154.o)
 .text.hdr_length
                0x000080fa        0x8 contiki-sky.a(framer-802154.o)
 .text.framer_canonical_create_and_secure
                0x00008102       0x20 contiki-sky.a(framer.o)
                0x00008102                framer_canonical_create_and_secure
 .text.header_size
                0x00008122       0x16 contiki-sky.a(chameleon-bitop)
 .text.get_bits
                0x00008138      0x13c contiki-sky.a(chameleon-bitop)
                0x00008138                get_bits
 .text.unpack_header
                0x00008274       0xd6 contiki-sky.a(chameleon-bitop)
 .text.set_bits
                0x0000834a      0x116 contiki-sky.a(chameleon-bitop)
                0x0000834a                set_bits
 .text.pack_header
                0x00008460       0xbc contiki-sky.a(chameleon-bitop)
 .text.field_len
                0x0000851c       0x98 contiki-sky.a(frame802154.o)
 .text.frame802154_hdrlen
                0x000085b4       0x2e contiki-sky.a(frame802154.o)
                0x000085b4                frame802154_hdrlen
 .text.frame802154_create
                0x000085e2      0x146 contiki-sky.a(frame802154.o)
                0x000085e2                frame802154_create
 .text.frame802154_parse
                0x00008728      0x1da contiki-sky.a(frame802154.o)
                0x00008728                frame802154_parse
 .text.libgcc   0x00008902       0x2c /usr/lib/gcc/msp430/4.6.3/mmpy-16/libgcc.a(_mulsi3.o)
                0x00008902                __mulsi3
 .text.libgcc   0x0000892e       0x22 /usr/lib/gcc/msp430/4.6.3/mmpy-16/libgcc.a(_udivmod16.o)
                0x0000892e                __udivhi3
                0x0000892e                __ext_udivmod16
                0x00008948                __umodhi3
 .text.libgcc   0x00008950       0x40 /usr/lib/gcc/msp430/4.6.3/mmpy-16/libgcc.a(_udivmod32.o)
                0x00008950                __udivsi3
                0x00008950                __ext_udivmod32
                0x00008986                __umodsi3
 .text          0x00008990      0x32e /usr/lib/gcc/msp430/4.6.3/mmpy-16/libgcc.a(_addsub_sf.o)
                0x00008c22                __addsf3
                0x00008c6e                __subsf3
 .text          0x00008cbe      0x224 /usr/lib/gcc/msp430/4.6.3/mmpy-16/libgcc.a(_mul_sf.o)
                0x00008cbe                __mulsf3
 .text          0x00008ee2      0x150 /usr/lib/gcc/msp430/4.6.3/mmpy-16/libgcc.a(_div_sf.o)
                0x00008ee2                __divsf3
 .text          0x00009032       0x50 /usr/lib/gcc/msp430/4.6.3/mmpy-16/libgcc.a(_eq_sf.o)
                0x00009032                __eqsf2
 .text          0x00009082       0x50 /usr/lib/gcc/msp430/4.6.3/mmpy-16/libgcc.a(_gt_sf.o)
                0x00009082                __gtsf2
 .text          0x000090d2       0x90 /usr/lib/gcc/msp430/4.6.3/mmpy-16/libgcc.a(_sf_to_si.o)
                0x000090d2                __fixsfsi
 .text          0x00009162       0xe2 /usr/lib/gcc/msp430/4.6.3/mmpy-16/libgcc.a(_usi_to_sf.o)
                0x00009162                __floatunsisf
 .text          0x00009244       0x72 /usr/lib/gcc/msp430/4.6.3/mmpy-16/libgcc.a(_clzsi2.o)
                0x00009244                __clzsi2
 .text          0x000092b6      0x1de /usr/lib/gcc/msp430/4.6.3/mmpy-16/libgcc.a(_pack_sf.o)
                0x000092b6                __pack_f
 .text          0x00009494      0x124 /usr/lib/gcc/msp430/4.6.3/mmpy-16/libgcc.a(_unpack_sf.o)
                0x00009494                __unpack_f
 .text          0x000095b8       0xa4 /usr/lib/gcc/msp430/4.6.3/mmpy-16/libgcc.a(_fpcmp_parts_sf.o)
                0x000095b8                __fpcmp_parts_f
 .text          0x0000965c       0x20 /usr/lib/gcc/msp430/4.6.3/../../../../msp430/lib/mmpy-16/libc.a(memcmp.o)
                0x0000965c                memcmp
 .text          0x0000967c       0xfa /usr/lib/gcc/msp430/4.6.3/../../../../msp430/lib/mmpy-16/libc.a(memcpy.o)
                0x0000967c                memcpy
 .text          0x00009776       0x6a /usr/lib/gcc/msp430/4.6.3/../../../../msp430/lib/mmpy-16/libc.a(memset.o)
                0x00009776                memset
 .text          0x000097e0       0x1e /usr/lib/gcc/msp430/4.6.3/../../../../msp430/lib/mmpy-16/libc.a(printf.o)
                0x000097e0                printf
                0x000097f0                vprintf
 .text          0x000097fe      0x836 /usr/lib/gcc/msp430/4.6.3/../../../../msp430/lib/mmpy-16/libc.a(vuprintf.o)
                0x00009996                vuprintf
 .text          0x0000a034       0x2c /usr/lib/gcc/msp430/4.6.3/../../../../msp430/lib/mmpy-16/libc.a(puts.o)
                0x0000a034                puts
 .text          0x0000a060       0x54 /usr/lib/gcc/msp430/4.6.3/../../../../msp430/lib/mmpy-16/libc.a(rand.o)
                0x0000a060                rand_r
                0x0000a084                rand
                0x0000a0aa                srand
 .text.libgcc   0x0000a0b4       0xf0 /usr/lib/gcc/msp430/4.6.3/mmpy-16/libgcc.a(_udivmod64.o)
                0x0000a0b4                __xabi_udivmod64
                0x0000a112                __udivdi3
                0x0000a138                __umoddi3
                0x0000a166                __udivmoddi4
 .text.crt0     0x0000a1a4        0x2 /usr/lib/gcc/msp430/4.6.3/mmpy-16/libcrt0.a(_unexpected_.o)
                0x0000a1a4                _unexpected_
                0x0000a1a6                . = ALIGN (0x2)

.rodata         0x0000a1a6      0x5c4
                0x0000a1a6                . = ALIGN (0x2)
 *(.rodata .rodata.* .gnu.linkonce.r.*)
 .rodata        0x0000a1a6      0x1d2 tree_routing_bnn_prr_datasend.co
                0x0000a326                autostart_processes
 .rodata        0x0000a378       0xe5 obj_sky/contiki-sky-main.o
 *fill*         0x0000a45d        0x1 00
 .rodata        0x0000a45e        0xe contiki-sky.a(sht11-sensor.o)
                0x0000a464                sht11_sensor
 .rodata        0x0000a46c       0x10 contiki-sky.a(button-sensor.o)
                0x0000a474                button_sensor
 .rodata        0x0000a47c        0x8 contiki-sky.a(sensors.o)
 .rodata        0x0000a484       0x5a contiki-sky.a(cc2420.o)
                0x0000a4a0                cc2420_aes_128_driver
                0x0000a4a4                cc2420_driver
 .rodata        0x0000a4de        0xf contiki-sky.a(ctimer.o)
 .rodata        0x0000a4ed        0xc contiki-sky.a(etimer.o)
 .rodata        0x0000a4f9        0xe contiki-sky.a(serial-line.o)
 *fill*         0x0000a507        0x1 00
 .rodata        0x0000a508       0x68 contiki-sky.a(broadcast.o)
 .rodata        0x0000a570       0x76 contiki-sky.a(rime.o)
                0x0000a5e0                rime_driver
 .rodata        0x0000a5e6        0xa contiki-sky.a(unicast.o)
 .rodata        0x0000a5f0       0x14 contiki-sky.a(csma.o)
                0x0000a5f6                csma_driver
 .rodata        0x0000a604       0x18 contiki-sky.a(nullrdc.o)
                0x0000a60c                nullrdc_driver
 .rodata        0x0000a61c        0x2 contiki-sky.a(linkaddr.o)
                0x0000a61c                linkaddr_null
 .rodata        0x0000a61e        0x8 contiki-sky.a(contikimac-fram)
                0x0000a61e                contikimac_framer
 .rodata        0x0000a626       0x14 contiki-sky.a(nullsec.o)
                0x0000a62e                nullsec_driver
 .rodata        0x0000a63a        0x2 contiki-sky.a(abc.o)
 .rodata        0x0000a63c        0x4 contiki-sky.a(broadcast-annou)
 .rodata        0x0000a640        0x8 contiki-sky.a(framer-802154.o)
                0x0000a640                framer_802154
 .rodata        0x0000a648       0x10 contiki-sky.a(chameleon-bitop)
                0x0000a648                chameleon_bitopt
 .rodata        0x0000a658        0x2 contiki-sky.a(frame802154.o)
 .rodata        0x0000a65a        0x8 /usr/lib/gcc/msp430/4.6.3/mmpy-16/libgcc.a(_thenan_sf.o)
                0x0000a65a                __thenan_sf
 .rodata        0x0000a662      0x100 /usr/lib/gcc/msp430/4.6.3/mmpy-16/libgcc.a(_clz.o)
                0x0000a662                __clz_tab
 .rodata        0x0000a762        0x7 /usr/lib/gcc/msp430/4.6.3/../../../../msp430/lib/mmpy-16/libc.a(vuprintf.o)
                0x0000a76a                . = ALIGN (0x2)
 *fill*         0x0000a769        0x1 00
                0x0000a76a                _etext = .

.data           0x00001100       0x8e load address 0x0000a76a
                0x00001100                . = ALIGN (0x2)
                0x00001100                PROVIDE (__data_start, .)
 *(.data .data.* .gnu.linkonce.d.*)
 .data          0x00001100       0x28 tree_routing_bnn_prr_datasend.co
                0x00001100                proc_stats
                0x0000110a                proc_pick
                0x00001114                proc_data
                0x0000111e                proc_route
 .data          0x00001128        0x4 contiki-sky.a(contiki-sky-pla)
                0x00001128                sensors
 .data          0x0000112c        0x1 contiki-sky.a(sht11-sensor.o)
 *fill*         0x0000112d        0x1 00
 .data          0x0000112e        0xa contiki-sky.a(sensors.o)
                0x0000112e                sensors_process
 .data          0x00001138        0xa contiki-sky.a(cc2420.o)
                0x00001138                cc2420_process
 .data          0x00001142        0x2 contiki-sky.a(msp430.o)
 .data          0x00001144        0xa contiki-sky.a(ctimer.o)
                0x00001144                ctimer_process
 .data          0x0000114e        0xa contiki-sky.a(etimer.o)
                0x0000114e                etimer_process
 .data          0x00001158        0xa contiki-sky.a(serial-line.o)
                0x00001158                serial_line_process
 .data          0x00001162       0x18 contiki-sky.a(csma.o)
 .data          0x0000117a       0x10 contiki-sky.a(queuebuf.o)
 .data          0x0000118a        0x4 /usr/lib/gcc/msp430/4.6.3/../../../../msp430/lib/mmpy-16/libc.a(rand.o)
                0x0000118e                . = ALIGN (0x2)
                0x0000118e                _edata = .
                0x0000a76a                PROVIDE (__data_load_start, LOADADDR (.data))
                0x0000008e                PROVIDE (__data_size, SIZEOF (.data))

.bss            0x0000118e     0x1292 load address 0x0000a7f8
                0x0000118e                PROVIDE (__bss_start, .)
 *(.bss .bss.*)
 .bss           0x0000118e      0x168 tree_routing_bnn_prr_datasend.co
 .bss           0x000012f6        0xc obj_sky/contiki-sky-main.o
 .bss           0x00001302        0x8 contiki-sky.a(button-sensor.o)
 .bss           0x0000130a        0x2 contiki-sky.a(node-id.o)
                0x0000130a                node_id
 .bss           0x0000130c        0x6 contiki-sky.a(sensors.o)
 .bss           0x00001312        0x8 contiki-sky.a(cc2420.o)
 .bss           0x0000131a       0x9a contiki-sky.a(uart1.o)
 .bss           0x000013b4        0xa contiki-sky.a(clock.o)
 .bss           0x000013be        0x1 contiki-sky.a(leds.o)
 *fill*         0x000013bf        0x1 00
 .bss           0x000013c0        0x2 contiki-sky.a(watchdog.o)
 .bss           0x000013c2        0x4 contiki-sky.a(ctimer.o)
 .bss           0x000013c6        0x6 contiki-sky.a(etimer.o)
 .bss           0x000013cc       0x42 contiki-sky.a(process.o)
                0x000013cc                process_current
                0x000013ce                process_list
 .bss           0x0000140e        0x2 contiki-sky.a(rtimer.o)
 .bss           0x00001410      0x10a contiki-sky.a(serial-line.o)
 .bss           0x0000151a        0x2 contiki-sky.a(channel.o)
 .bss           0x0000151c        0x2 contiki-sky.a(rime.o)
 .bss           0x0000151e      0x128 contiki-sky.a(csma.o)
 .bss           0x00001646       0xb8 contiki-sky.a(packetbuf.o)
 .bss           0x000016fe      0xc20 contiki-sky.a(queuebuf.o)
 .bss           0x0000231e        0x6 contiki-sky.a(announcement.o)
 .bss           0x00002324       0x46 contiki-sky.a(broadcast-annou)
 .bss           0x0000236a        0x2 contiki-sky.a(framer-802154.o)
 *(COMMON)
 COMMON         0x0000236c        0x2 contiki-sky.a(contiki-sky-pla)
                0x0000236c                sensors_flags
 COMMON         0x0000236e        0x8 contiki-sky.a(ds2411.o)
                0x0000236e                ds2411_id
 COMMON         0x00002376        0x1 contiki-sky.a(sensors.o)
                0x00002376                sensors_event
 *fill*         0x00002377        0x1 00
 COMMON         0x00002378       0x10 contiki-sky.a(cc2420.o)
                0x00002378                cc2420_last_rssi
                0x0000237a                cc2420_sfd_start_time
                0x0000237c                cc2420_time_of_departure
                0x0000237e                cc2420_time_of_arrival
                0x00002380                cc2420_last_correlation
                0x00002382                cc2420_authority_level_of_sender
                0x00002384                cc2420_sfd_counter
                0x00002386                cc2420_sfd_end_time
 COMMON         0x00002388        0x2 contiki-sky.a(msp430.o)
                0x00002388                msp430_dco_required
 COMMON         0x0000238a       0x56 contiki-sky.a(energest.o)
                0x0000238a                energest_total_time
                0x000023ba                energest_total_count
                0x000023bc                energest_current_mode
                0x000023c8                energest_current_time
 COMMON         0x000023e0        0x1 contiki-sky.a(process.o)
                0x000023e0                process_maxevents
 COMMON         0x000023e1        0x1 contiki-sky.a(serial-line.o)
                0x000023e1                serial_line_event_message
 COMMON         0x000023e2        0x2 contiki-sky.a(linkaddr.o)
                0x000023e2                linkaddr_node_addr
 COMMON         0x000023e4       0x3c contiki-sky.a(packetbuf.o)
                0x000023e4                packetbuf_addrs
                0x000023ec                packetbuf_attrs
                0x00002420                . = ALIGN (0x2)
                0x00002420                PROVIDE (__bss_end, .)
                0x00001292                PROVIDE (__bss_size, SIZEOF (.bss))

.noinit         0x00002420        0x2 load address 0x0000a7f8
                0x00002420                PROVIDE (__noinit_start, .)
 *(.noinit .noinit.*)
 .noinit.crt0   0x00002420        0x2 /usr/lib/gcc/msp430/4.6.3/mmpy-16/libcrt0.a(__watchdog_support.o)
                0x00002420                __wdt_clear_value
                0x00002422                . = ALIGN (0x2)
                0x00002422                PROVIDE (__noinit_end, .)
                0x00002422                . = ALIGN (0x2)
                0x00002422                _end = .

.infomem        0x00001000        0x0
 *(.infomem)
                0x00001000                . = ALIGN (0x2)
 *(.infomem.*)

.infomemnobits  0x00001000        0x0
 *(.infomemnobits)
                0x00001000                . = ALIGN (0x2)
 *(.infomemnobits.*)

.infoa
 *(.infoa .infoa.*)

.infob
 *(.infob .infob.*)

.infoc
 *(.infoc .infoc.*)

.infod
 *(.infod .infod.*)

.vectors        0x0000ffe0       0x20
                0x0000ffe0                PROVIDE (__vectors_start, .)
 *(.vectors*)
 .vectors       0x0000ffe0       0x20 /usr/lib/gcc/msp430/4.6.3/mmpy-16/crt0ivtbl16.o
                0x0000ffe0                __ivtbl_16
                0x00010000                _vectors_end = .

.fartext        0x00000000        0x0
                0x00000000                . = ALIGN (0x2)
 *(.fartext)
                0x00000000                . = ALIGN (0x2)
 *(.fartext.*)
                0x00000000                _efartext = .

.profiler
 *(.profiler)

.stab           0x00000000    0x1a28c
 *(.stab)
 .stab          0x00000000     0x2478 tree_routing_bnn_prr_datasend.co
 .stab          0x00002478     0x1074 obj_sky/contiki-sky-main.o
                               0x17ac (size before relaxing)
 .stab          0x000034ec      0x264 contiki-sky.a(contiki-sky-pla)
                                0x5b8 (size before relaxing)
 .stab          0x00003750      0x438 contiki-sky.a(sht11-sensor.o)
                                0x948 (size before relaxing)
 .stab          0x00003b88      0x468 contiki-sky.a(button-sensor.o)
                                0x7d4 (size before relaxing)
 .stab          0x00003ff0      0x624 contiki-sky.a(ds2411.o)
                                0xb40 (size before relaxing)
 .stab          0x00004614      0xbac contiki-sky.a(xmem.o)
                                0xf60 (size before relaxing)
 .stab          0x000051c0      0x2b8 contiki-sky.a(node-id.o)
                                0x4e0 (size before relaxing)
 .stab          0x00005478      0x63c contiki-sky.a(sensors.o)
                                0xb70 (size before relaxing)
 .stab          0x00005ab4     0x25f8 contiki-sky.a(cc2420.o)
                               0x2cc4 (size before relaxing)
 .stab          0x000080ac      0x5f4 contiki-sky.a(cc2420-arch.o)
                               0x1404 (size before relaxing)
 .stab          0x000086a0      0x60c contiki-sky.a(uart1.o)
                                0x960 (size before relaxing)
 .stab          0x00008cac      0x27c contiki-sky.a(uart1-putchar.o)
                                0x7bc (size before relaxing)
 .stab          0x00008f28      0x744 contiki-sky.a(msp430.o)
                                0xa98 (size before relaxing)
 .stab          0x0000966c      0x948 contiki-sky.a(clock.o)
                                0xc9c (size before relaxing)
 .stab          0x00009fb4      0x5dc contiki-sky.a(leds.o)
                                0x828 (size before relaxing)
 .stab          0x0000a590      0x3a8 contiki-sky.a(leds-arch.o)
                                0x6fc (size before relaxing)
 .stab          0x0000a938      0x3fc contiki-sky.a(watchdog.o)
                                0x750 (size before relaxing)
 .stab          0x0000ad34      0x3cc contiki-sky.a(rtimer-arch.o)
                                0x720 (size before relaxing)
 .stab          0x0000b100      0x294 contiki-sky.a(autostart.o)
                                0x534 (size before relaxing)
 .stab          0x0000b394      0x7a4 contiki-sky.a(ctimer.o)
                                0xb10 (size before relaxing)
 .stab          0x0000bb38      0x474 contiki-sky.a(energest.o)
                                0x6fc (size before relaxing)
 .stab          0x0000bfac      0xa38 contiki-sky.a(etimer.o)
                                0xd08 (size before relaxing)
 .stab          0x0000c9e4      0xb7c contiki-sky.a(process.o)
                               0x1014 (size before relaxing)
 .stab          0x0000d560      0x3d8 contiki-sky.a(rtimer.o)
                                0x6c0 (size before relaxing)
 .stab          0x0000d938      0x354 contiki-sky.a(timer.o)
                                0x594 (size before relaxing)
 .stab          0x0000dc8c      0x534 contiki-sky.a(serial-line.o)
                                0xa50 (size before relaxing)
 .stab          0x0000e1c0      0x7f8 contiki-sky.a(list.o)
                                0x804 (size before relaxing)
 .stab          0x0000e9b8      0x228 contiki-sky.a(random.o)
                                0x624 (size before relaxing)
 .stab          0x0000ebe0      0x3fc contiki-sky.a(ringbuf.o)
                                0x63c (size before relaxing)
 .stab          0x0000efdc      0x720 contiki-sky.a(broadcast.o)
                               0x1584 (size before relaxing)
 .stab          0x0000f6fc      0x69c contiki-sky.a(channel.o)
                               0x129c (size before relaxing)
 .stab          0x0000fd98      0xb40 contiki-sky.a(rime.o)
                               0x14c4 (size before relaxing)
 .stab          0x000108d8      0x624 contiki-sky.a(unicast.o)
                               0x129c (size before relaxing)
 .stab          0x00010efc     0x1074 contiki-sky.a(csma.o)
                               0x15b4 (size before relaxing)
 .stab          0x00011f70      0x1f8 contiki-sky.a(mac.o)
                                0x4ec (size before relaxing)
 .stab          0x00012168      0x768 contiki-sky.a(nullrdc.o)
                               0x105c (size before relaxing)
 .stab          0x000128d0      0x2c4 contiki-sky.a(linkaddr.o)
                                0x6c0 (size before relaxing)
 .stab          0x00012b94      0xda4 contiki-sky.a(packetbuf.o)
                               0x1bf0 (size before relaxing)
 .stab          0x00013938      0xa5c contiki-sky.a(queuebuf.o)
                               0x1890 (size before relaxing)
 .stab          0x00014394      0x6e4 contiki-sky.a(contikimac-fram)
                                0xf24 (size before relaxing)
 .stab          0x00014a78      0x66c contiki-sky.a(nullsec.o)
                                0xda4 (size before relaxing)
 .stab          0x000150e4      0xbb8 contiki-sky.a(sht11.o)
                               0x10e0 (size before relaxing)
 .stab          0x00015c9c      0x204 contiki-sky.a(spi.o)
                                0x42c (size before relaxing)
 .stab          0x00015ea0      0x5c4 contiki-sky.a(memb.o)
                                0xaf8 (size before relaxing)
 .stab          0x00016464      0x66c contiki-sky.a(abc.o)
                               0x14a0 (size before relaxing)
 .stab          0x00016ad0      0x6e4 contiki-sky.a(announcement.o)
                                0x984 (size before relaxing)
 .stab          0x000171b4      0x948 contiki-sky.a(broadcast-annou)
                               0x15c0 (size before relaxing)
 .stab          0x00017afc      0x594 contiki-sky.a(chameleon.o)
                               0x123c (size before relaxing)
 .stab          0x00018090      0x930 contiki-sky.a(framer-802154.o)
                                0xf6c (size before relaxing)
 .stab          0x000189c0      0x318 contiki-sky.a(framer.o)
                                0xc54 (size before relaxing)
 .stab          0x00018cd8      0xc90 contiki-sky.a(chameleon-bitop)
                               0x1908 (size before relaxing)
 .stab          0x00019968      0x924 contiki-sky.a(frame802154.o)
                               0x10f8 (size before relaxing)

.stabstr        0x00000000    0x169f1
 *(.stabstr)
 .stabstr       0x00000000    0x169f1 tree_routing_bnn_prr_datasend.co

.stab.excl
 *(.stab.excl)

.stab.exclstr
 *(.stab.exclstr)

.stab.index
 *(.stab.index)

.stab.indexstr
 *(.stab.indexstr)

.comment
 *(.comment)

.debug
 *(.debug)

.line
 *(.line)

.debug_srcinfo
 *(.debug_srcinfo)

.debug_sfnames
 *(.debug_sfnames)

.debug_aranges  0x00000000      0x244
 *(.debug_aranges)
 .debug_aranges
                0x00000000       0x14 /usr/lib/gcc/msp430/4.6.3/mmpy-16/libgcc.a(_mulsi3.o)
 .debug_aranges
                0x00000014       0x14 /usr/lib/gcc/msp430/4.6.3/mmpy-16/libgcc.a(_udivmod16.o)
 .debug_aranges
                0x00000028       0x14 /usr/lib/gcc/msp430/4.6.3/mmpy-16/libgcc.a(_udivmod32.o)
 .debug_aranges
                0x0000003c       0x14 /usr/lib/gcc/msp430/4.6.3/mmpy-16/libgcc.a(_addsub_sf.o)
 .debug_aranges
                0x00000050       0x14 /usr/lib/gcc/msp430/4.6.3/mmpy-16/libgcc.a(_mul_sf.o)
 .debug_aranges
                0x00000064       0x14 /usr/lib/gcc/msp430/4.6.3/mmpy-16/libgcc.a(_div_sf.o)
 .debug_aranges
                0x00000078       0x14 /usr/lib/gcc/msp430/4.6.3/mmpy-16/libgcc.a(_eq_sf.o)
 .debug_aranges
                0x0000008c       0x14 /usr/lib/gcc/msp430/4.6.3/mmpy-16/libgcc.a(_gt_sf.o)
 .debug_aranges
                0x000000a0       0x14 /usr/lib/gcc/msp430/4.6.3/mmpy-16/libgcc.a(_sf_to_si.o)
 .debug_aranges
                0x000000b4       0x14 /usr/lib/gcc/msp430/4.6.3/mmpy-16/libgcc.a(_usi_to_sf.o)
 .debug_aranges
                0x000000c8       0x14 /usr/lib/gcc/msp430/4.6.3/mmpy-16/libgcc.a(_clzsi2.o)
 .debug_aranges
                0x000000dc       0x14 /usr/lib/gcc/msp430/4.6.3/mmpy-16/libgcc.a(_pack_sf.o)
 .debug_aranges
                0x000000f0       0x14 /usr/lib/gcc/msp430/4.6.3/mmpy-16/libgcc.a(_unpack_sf.o)
 .debug_aranges
                0x00000104       0x14 /usr/lib/gcc/msp430/4.6.3/mmpy-16/libgcc.a(_fpcmp_parts_sf.o)
 .debug_aranges
                0x00000118       0x14 /usr/lib/gcc/msp430/4.6.3/../../../../msp430/lib/mmpy-16/libc.a(strncmp.o)
 .debug_aranges
                0x0000012c       0x14 /usr/lib/gcc/msp430/4.6.3/../../../../msp430/lib/mmpy-16/libc.a(memcmp.o)
 .debug_aranges
                0x00000140       0x14 /usr/lib/gcc/msp430/4.6.3/../../../../msp430/lib/mmpy-16/libc.a(memcpy.o)
 .debug_aranges
                0x00000154       0x14 /usr/lib/gcc/msp430/4.6.3/../../../../msp430/lib/mmpy-16/libc.a(memset.o)
 .debug_aranges
                0x00000168       0x14 /usr/lib/gcc/msp430/4.6.3/../../../../msp430/lib/mmpy-16/libc.a(printf.o)
 .debug_aranges
                0x0000017c       0x14 /usr/lib/gcc/msp430/4.6.3/../../../../msp430/lib/mmpy-16/libc.a(vuprintf.o)
 .debug_aranges
                0x00000190       0x14 /usr/lib/gcc/msp430/4.6.3/../../../../msp430/lib/mmpy-16/libc.a(puts.o)
 .debug_aranges
                0x000001a4       0x14 /usr/lib/gcc/msp430/4.6.3/../../../../msp430/lib/mmpy-16/libc.a(rand.o)
 .debug_aranges
                0x000001b8       0x14 /usr/lib/gcc/msp430/4.6.3/mmpy-16/libgcc.a(_udivmod64.o)
 .debug_aranges
                0x000001cc       0x14 /usr/lib/gcc/msp430/4.6.3/mmpy-16/libcrt0.a(__watchdog_support.o)
 .debug_aranges
                0x000001e0       0x14 /usr/lib/gcc/msp430/4.6.3/mmpy-16/libcrt0.a(__init_stack.o)
 .debug_aranges
                0x000001f4       0x14 /usr/lib/gcc/msp430/4.6.3/mmpy-16/libcrt0.a(_copy_data.o)
 .debug_aranges
                0x00000208       0x14 /usr/lib/gcc/msp430/4.6.3/mmpy-16/libcrt0.a(_clear_bss.o)
 .debug_aranges
                0x0000021c       0x14 /usr/lib/gcc/msp430/4.6.3/mmpy-16/libcrt0.a(_endless_loop__.o)
 .debug_aranges
                0x00000230       0x14 /usr/lib/gcc/msp430/4.6.3/mmpy-16/libcrt0.a(_unexpected_.o)

.debug_pubnames
 *(.debug_pubnames)

.debug_info     0x00000000     0x31ff
 *(.debug_info)
 .debug_info    0x00000000       0xd6 /usr/lib/gcc/msp430/4.6.3/mmpy-16/libgcc.a(_mulsi3.o)
 .debug_info    0x000000d6       0xd6 /usr/lib/gcc/msp430/4.6.3/mmpy-16/libgcc.a(_udivmod16.o)
 .debug_info    0x000001ac       0xd6 /usr/lib/gcc/msp430/4.6.3/mmpy-16/libgcc.a(_udivmod32.o)
 .debug_info    0x00000282      0x425 /usr/lib/gcc/msp430/4.6.3/mmpy-16/libgcc.a(_addsub_sf.o)
 .debug_info    0x000006a7      0x3c9 /usr/lib/gcc/msp430/4.6.3/mmpy-16/libgcc.a(_mul_sf.o)
 .debug_info    0x00000a70      0x35c /usr/lib/gcc/msp430/4.6.3/mmpy-16/libgcc.a(_div_sf.o)
 .debug_info    0x00000dcc      0x26e /usr/lib/gcc/msp430/4.6.3/mmpy-16/libgcc.a(_eq_sf.o)
 .debug_info    0x0000103a      0x26e /usr/lib/gcc/msp430/4.6.3/mmpy-16/libgcc.a(_gt_sf.o)
 .debug_info    0x000012a8      0x289 /usr/lib/gcc/msp430/4.6.3/mmpy-16/libgcc.a(_sf_to_si.o)
 .debug_info    0x00001531      0x144 /usr/lib/gcc/msp430/4.6.3/mmpy-16/libgcc.a(_thenan_sf.o)
 .debug_info    0x00001675      0x204 /usr/lib/gcc/msp430/4.6.3/mmpy-16/libgcc.a(_usi_to_sf.o)
 .debug_info    0x00001879      0x109 /usr/lib/gcc/msp430/4.6.3/mmpy-16/libgcc.a(_clzsi2.o)
 .debug_info    0x00001982      0x2b1 /usr/lib/gcc/msp430/4.6.3/mmpy-16/libgcc.a(_pack_sf.o)
 .debug_info    0x00001c33      0x23e /usr/lib/gcc/msp430/4.6.3/mmpy-16/libgcc.a(_unpack_sf.o)
 .debug_info    0x00001e71      0x1d5 /usr/lib/gcc/msp430/4.6.3/mmpy-16/libgcc.a(_fpcmp_parts_sf.o)
 .debug_info    0x00002046       0xa0 /usr/lib/gcc/msp430/4.6.3/mmpy-16/libgcc.a(_clz.o)
 .debug_info    0x000020e6       0xbb /usr/lib/gcc/msp430/4.6.3/../../../../msp430/lib/mmpy-16/libc.a(strncmp.o)
 .debug_info    0x000021a1       0xe8 /usr/lib/gcc/msp430/4.6.3/../../../../msp430/lib/mmpy-16/libc.a(memcmp.o)
 .debug_info    0x00002289      0x113 /usr/lib/gcc/msp430/4.6.3/../../../../msp430/lib/mmpy-16/libc.a(memcpy.o)
 .debug_info    0x0000239c       0xfe /usr/lib/gcc/msp430/4.6.3/../../../../msp430/lib/mmpy-16/libc.a(memset.o)
 .debug_info    0x0000249a      0x105 /usr/lib/gcc/msp430/4.6.3/../../../../msp430/lib/mmpy-16/libc.a(printf.o)
 .debug_info    0x0000259f      0x565 /usr/lib/gcc/msp430/4.6.3/../../../../msp430/lib/mmpy-16/libc.a(vuprintf.o)
 .debug_info    0x00002b04       0x96 /usr/lib/gcc/msp430/4.6.3/../../../../msp430/lib/mmpy-16/libc.a(puts.o)
 .debug_info    0x00002b9a      0x13f /usr/lib/gcc/msp430/4.6.3/../../../../msp430/lib/mmpy-16/libc.a(rand.o)
 .debug_info    0x00002cd9       0xd6 /usr/lib/gcc/msp430/4.6.3/mmpy-16/libgcc.a(_udivmod64.o)
 .debug_info    0x00002daf       0xb8 /usr/lib/gcc/msp430/4.6.3/mmpy-16/libcrt0.a(__watchdog_support.o)
 .debug_info    0x00002e67       0xb8 /usr/lib/gcc/msp430/4.6.3/mmpy-16/libcrt0.a(__init_stack.o)
 .debug_info    0x00002f1f       0xb8 /usr/lib/gcc/msp430/4.6.3/mmpy-16/libcrt0.a(_copy_data.o)
 .debug_info    0x00002fd7       0xb8 /usr/lib/gcc/msp430/4.6.3/mmpy-16/libcrt0.a(_clear_bss.o)
 .debug_info    0x0000308f       0xb8 /usr/lib/gcc/msp430/4.6.3/mmpy-16/libcrt0.a(_endless_loop__.o)
 .debug_info    0x00003147       0xb8 /usr/lib/gcc/msp430/4.6.3/mmpy-16/libcrt0.a(_unexpected_.o)
 *(.gnu.linkonce.wi.*)

.debug_abbrev   0x00000000     0x179c
 *(.debug_abbrev)
 .debug_abbrev  0x00000000       0x14 /usr/lib/gcc/msp430/4.6.3/mmpy-16/libgcc.a(_mulsi3.o)
 .debug_abbrev  0x00000014       0x14 /usr/lib/gcc/msp430/4.6.3/mmpy-16/libgcc.a(_udivmod16.o)
 .debug_abbrev  0x00000028       0x14 /usr/lib/gcc/msp430/4.6.3/mmpy-16/libgcc.a(_udivmod32.o)
 .debug_abbrev  0x0000003c      0x1ab /usr/lib/gcc/msp430/4.6.3/mmpy-16/libgcc.a(_addsub_sf.o)
 .debug_abbrev  0x000001e7      0x1d9 /usr/lib/gcc/msp430/4.6.3/mmpy-16/libgcc.a(_mul_sf.o)
 .debug_abbrev  0x000003c0      0x1c4 /usr/lib/gcc/msp430/4.6.3/mmpy-16/libgcc.a(_div_sf.o)
 .debug_abbrev  0x00000584      0x151 /usr/lib/gcc/msp430/4.6.3/mmpy-16/libgcc.a(_eq_sf.o)
 .debug_abbrev  0x000006d5      0x151 /usr/lib/gcc/msp430/4.6.3/mmpy-16/libgcc.a(_gt_sf.o)
 .debug_abbrev  0x00000826      0x160 /usr/lib/gcc/msp430/4.6.3/mmpy-16/libgcc.a(_sf_to_si.o)
 .debug_abbrev  0x00000986       0xba /usr/lib/gcc/msp430/4.6.3/mmpy-16/libgcc.a(_thenan_sf.o)
 .debug_abbrev  0x00000a40      0x173 /usr/lib/gcc/msp430/4.6.3/mmpy-16/libgcc.a(_usi_to_sf.o)
 .debug_abbrev  0x00000bb3       0xac /usr/lib/gcc/msp430/4.6.3/mmpy-16/libgcc.a(_clzsi2.o)
 .debug_abbrev  0x00000c5f      0x192 /usr/lib/gcc/msp430/4.6.3/mmpy-16/libgcc.a(_pack_sf.o)
 .debug_abbrev  0x00000df1      0x15a /usr/lib/gcc/msp430/4.6.3/mmpy-16/libgcc.a(_unpack_sf.o)
 .debug_abbrev  0x00000f4b      0x10b /usr/lib/gcc/msp430/4.6.3/mmpy-16/libgcc.a(_fpcmp_parts_sf.o)
 .debug_abbrev  0x00001056       0x61 /usr/lib/gcc/msp430/4.6.3/mmpy-16/libgcc.a(_clz.o)
 .debug_abbrev  0x000010b7       0x7c /usr/lib/gcc/msp430/4.6.3/../../../../msp430/lib/mmpy-16/libc.a(strncmp.o)
 .debug_abbrev  0x00001133       0x9b /usr/lib/gcc/msp430/4.6.3/../../../../msp430/lib/mmpy-16/libc.a(memcmp.o)
 .debug_abbrev  0x000011ce       0x97 /usr/lib/gcc/msp430/4.6.3/../../../../msp430/lib/mmpy-16/libc.a(memcpy.o)
 .debug_abbrev  0x00001265       0x9c /usr/lib/gcc/msp430/4.6.3/../../../../msp430/lib/mmpy-16/libc.a(memset.o)
 .debug_abbrev  0x00001301       0xd0 /usr/lib/gcc/msp430/4.6.3/../../../../msp430/lib/mmpy-16/libc.a(printf.o)
 .debug_abbrev  0x000013d1      0x1ef /usr/lib/gcc/msp430/4.6.3/../../../../msp430/lib/mmpy-16/libc.a(vuprintf.o)
 .debug_abbrev  0x000015c0       0x60 /usr/lib/gcc/msp430/4.6.3/../../../../msp430/lib/mmpy-16/libc.a(puts.o)
 .debug_abbrev  0x00001620       0xf0 /usr/lib/gcc/msp430/4.6.3/../../../../msp430/lib/mmpy-16/libc.a(rand.o)
 .debug_abbrev  0x00001710       0x14 /usr/lib/gcc/msp430/4.6.3/mmpy-16/libgcc.a(_udivmod64.o)
 .debug_abbrev  0x00001724       0x14 /usr/lib/gcc/msp430/4.6.3/mmpy-16/libcrt0.a(__watchdog_support.o)
 .debug_abbrev  0x00001738       0x14 /usr/lib/gcc/msp430/4.6.3/mmpy-16/libcrt0.a(__init_stack.o)
 .debug_abbrev  0x0000174c       0x14 /usr/lib/gcc/msp430/4.6.3/mmpy-16/libcrt0.a(_copy_data.o)
 .debug_abbrev  0x00001760       0x14 /usr/lib/gcc/msp430/4.6.3/mmpy-16/libcrt0.a(_clear_bss.o)
 .debug_abbrev  0x00001774       0x14 /usr/lib/gcc/msp430/4.6.3/mmpy-16/libcrt0.a(_endless_loop__.o)
 .debug_abbrev  0x00001788       0x14 /usr/lib/gcc/msp430/4.6.3/mmpy-16/libcrt0.a(_unexpected_.o)

.debug_line     0x00000000     0x175e
 *(.debug_line)
 .debug_line    0x00000000       0xa3 /usr/lib/gcc/msp430/4.6.3/mmpy-16/libgcc.a(_mulsi3.o)
 .debug_line    0x000000a3       0x9c /usr/lib/gcc/msp430/4.6.3/mmpy-16/libgcc.a(_udivmod16.o)
 .debug_line    0x0000013f       0xab /usr/lib/gcc/msp430/4.6.3/mmpy-16/libgcc.a(_udivmod32.o)
 .debug_line    0x000001ea      0x13f /usr/lib/gcc/msp430/4.6.3/mmpy-16/libgcc.a(_addsub_sf.o)
 .debug_line    0x00000329      0x137 /usr/lib/gcc/msp430/4.6.3/mmpy-16/libgcc.a(_mul_sf.o)
 .debug_line    0x00000460       0xf9 /usr/lib/gcc/msp430/4.6.3/mmpy-16/libgcc.a(_div_sf.o)
 .debug_line    0x00000559       0xb1 /usr/lib/gcc/msp430/4.6.3/mmpy-16/libgcc.a(_eq_sf.o)
 .debug_line    0x0000060a       0xb1 /usr/lib/gcc/msp430/4.6.3/mmpy-16/libgcc.a(_gt_sf.o)
 .debug_line    0x000006bb       0xbf /usr/lib/gcc/msp430/4.6.3/mmpy-16/libgcc.a(_sf_to_si.o)
 .debug_line    0x0000077a       0x94 /usr/lib/gcc/msp430/4.6.3/mmpy-16/libgcc.a(_thenan_sf.o)
 .debug_line    0x0000080e       0xc6 /usr/lib/gcc/msp430/4.6.3/mmpy-16/libgcc.a(_usi_to_sf.o)
 .debug_line    0x000008d4       0xbe /usr/lib/gcc/msp430/4.6.3/mmpy-16/libgcc.a(_clzsi2.o)
 .debug_line    0x00000992      0x102 /usr/lib/gcc/msp430/4.6.3/mmpy-16/libgcc.a(_pack_sf.o)
 .debug_line    0x00000a94       0xdd /usr/lib/gcc/msp430/4.6.3/mmpy-16/libgcc.a(_unpack_sf.o)
 .debug_line    0x00000b71       0xe8 /usr/lib/gcc/msp430/4.6.3/mmpy-16/libgcc.a(_fpcmp_parts_sf.o)
 .debug_line    0x00000c59       0x80 /usr/lib/gcc/msp430/4.6.3/mmpy-16/libgcc.a(_clz.o)
 .debug_line    0x00000cd9       0x75 /usr/lib/gcc/msp430/4.6.3/../../../../msp430/lib/mmpy-16/libc.a(strncmp.o)
 .debug_line    0x00000d4e       0x73 /usr/lib/gcc/msp430/4.6.3/../../../../msp430/lib/mmpy-16/libc.a(memcmp.o)
 .debug_line    0x00000dc1       0xe9 /usr/lib/gcc/msp430/4.6.3/../../../../msp430/lib/mmpy-16/libc.a(memcpy.o)
 .debug_line    0x00000eaa       0xc8 /usr/lib/gcc/msp430/4.6.3/../../../../msp430/lib/mmpy-16/libc.a(memset.o)
 .debug_line    0x00000f72       0x72 /usr/lib/gcc/msp430/4.6.3/../../../../msp430/lib/mmpy-16/libc.a(printf.o)
 .debug_line    0x00000fe4      0x2d2 /usr/lib/gcc/msp430/4.6.3/../../../../msp430/lib/mmpy-16/libc.a(vuprintf.o)
 .debug_line    0x000012b6       0x4d /usr/lib/gcc/msp430/4.6.3/../../../../msp430/lib/mmpy-16/libc.a(puts.o)
 .debug_line    0x00001303       0x4f /usr/lib/gcc/msp430/4.6.3/../../../../msp430/lib/mmpy-16/libc.a(rand.o)
 .debug_line    0x00001352       0xf1 /usr/lib/gcc/msp430/4.6.3/mmpy-16/libgcc.a(_udivmod64.o)
 .debug_line    0x00001443       0x84 /usr/lib/gcc/msp430/4.6.3/mmpy-16/libcrt0.a(__watchdog_support.o)
 .debug_line    0x000014c7       0x82 /usr/lib/gcc/msp430/4.6.3/mmpy-16/libcrt0.a(__init_stack.o)
 .debug_line    0x00001549       0x88 /usr/lib/gcc/msp430/4.6.3/mmpy-16/libcrt0.a(_copy_data.o)
 .debug_line    0x000015d1       0x88 /usr/lib/gcc/msp430/4.6.3/mmpy-16/libcrt0.a(_clear_bss.o)
 .debug_line    0x00001659       0x83 /usr/lib/gcc/msp430/4.6.3/mmpy-16/libcrt0.a(_endless_loop__.o)
 .debug_line    0x000016dc       0x82 /usr/lib/gcc/msp430/4.6.3/mmpy-16/libcrt0.a(_unexpected_.o)

.debug_frame    0x00000000      0x428
 *(.debug_frame)
 .debug_frame   0x00000000       0x6a /usr/lib/gcc/msp430/4.6.3/mmpy-16/libgcc.a(_addsub_sf.o)
 .debug_frame   0x0000006a       0x4a /usr/lib/gcc/msp430/4.6.3/mmpy-16/libgcc.a(_mul_sf.o)
 .debug_frame   0x000000b4       0x3a /usr/lib/gcc/msp430/4.6.3/mmpy-16/libgcc.a(_div_sf.o)
 .debug_frame   0x000000ee       0x22 /usr/lib/gcc/msp430/4.6.3/mmpy-16/libgcc.a(_eq_sf.o)
 .debug_frame   0x00000110       0x22 /usr/lib/gcc/msp430/4.6.3/mmpy-16/libgcc.a(_gt_sf.o)
 .debug_frame   0x00000132       0x22 /usr/lib/gcc/msp430/4.6.3/mmpy-16/libgcc.a(_sf_to_si.o)
 .debug_frame   0x00000154       0x36 /usr/lib/gcc/msp430/4.6.3/mmpy-16/libgcc.a(_usi_to_sf.o)
 .debug_frame   0x0000018a       0x2e /usr/lib/gcc/msp430/4.6.3/mmpy-16/libgcc.a(_clzsi2.o)
 .debug_frame   0x000001b8       0x38 /usr/lib/gcc/msp430/4.6.3/mmpy-16/libgcc.a(_pack_sf.o)
 .debug_frame   0x000001f0       0x28 /usr/lib/gcc/msp430/4.6.3/mmpy-16/libgcc.a(_unpack_sf.o)
 .debug_frame   0x00000218       0x24 /usr/lib/gcc/msp430/4.6.3/mmpy-16/libgcc.a(_fpcmp_parts_sf.o)
 .debug_frame   0x0000023c       0x24 /usr/lib/gcc/msp430/4.6.3/../../../../msp430/lib/mmpy-16/libc.a(strncmp.o)
 .debug_frame   0x00000260       0x24 /usr/lib/gcc/msp430/4.6.3/../../../../msp430/lib/mmpy-16/libc.a(memcmp.o)
 .debug_frame   0x00000284       0x38 /usr/lib/gcc/msp430/4.6.3/../../../../msp430/lib/mmpy-16/libc.a(memcpy.o)
 .debug_frame   0x000002bc       0x32 /usr/lib/gcc/msp430/4.6.3/../../../../msp430/lib/mmpy-16/libc.a(memset.o)
 .debug_frame   0x000002ee       0x2a /usr/lib/gcc/msp430/4.6.3/../../../../msp430/lib/mmpy-16/libc.a(printf.o)
 .debug_frame   0x00000318       0xb0 /usr/lib/gcc/msp430/4.6.3/../../../../msp430/lib/mmpy-16/libc.a(vuprintf.o)
 .debug_frame   0x000003c8       0x24 /usr/lib/gcc/msp430/4.6.3/../../../../msp430/lib/mmpy-16/libc.a(puts.o)
 .debug_frame   0x000003ec       0x3c /usr/lib/gcc/msp430/4.6.3/../../../../msp430/lib/mmpy-16/libc.a(rand.o)

.debug_str      0x00000000      0x6cf
 *(.debug_str)
 .debug_str     0x00000000      0x1f3 /usr/lib/gcc/msp430/4.6.3/mmpy-16/libgcc.a(_addsub_sf.o)
                                0x255 (size before relaxing)
 .debug_str     0x000001f3       0x27 /usr/lib/gcc/msp430/4.6.3/mmpy-16/libgcc.a(_mul_sf.o)
                                0x20e (size before relaxing)
 .debug_str     0x0000021a       0x35 /usr/lib/gcc/msp430/4.6.3/mmpy-16/libgcc.a(_div_sf.o)
                                0x217 (size before relaxing)
 .debug_str     0x0000024f        0x8 /usr/lib/gcc/msp430/4.6.3/mmpy-16/libgcc.a(_eq_sf.o)
                                0x1dc (size before relaxing)
 .debug_str     0x00000257        0x8 /usr/lib/gcc/msp430/4.6.3/mmpy-16/libgcc.a(_gt_sf.o)
                                0x1dc (size before relaxing)
 .debug_str     0x0000025f        0xa /usr/lib/gcc/msp430/4.6.3/mmpy-16/libgcc.a(_sf_to_si.o)
                                0x1e5 (size before relaxing)
 .debug_str     0x00000000      0x187 /usr/lib/gcc/msp430/4.6.3/mmpy-16/libgcc.a(_thenan_sf.o)
 .debug_str     0x00000269       0x2a /usr/lib/gcc/msp430/4.6.3/mmpy-16/libgcc.a(_usi_to_sf.o)
                                0x1c7 (size before relaxing)
 .debug_str     0x00000293       0x9d /usr/lib/gcc/msp430/4.6.3/mmpy-16/libgcc.a(_clzsi2.o)
                                0x189 (size before relaxing)
 .debug_str     0x00000330       0x10 /usr/lib/gcc/msp430/4.6.3/mmpy-16/libgcc.a(_pack_sf.o)
                                0x1e4 (size before relaxing)
 .debug_str     0x00000340        0xb /usr/lib/gcc/msp430/4.6.3/mmpy-16/libgcc.a(_unpack_sf.o)
                                0x1c6 (size before relaxing)
 .debug_str     0x0000034b       0x10 /usr/lib/gcc/msp430/4.6.3/mmpy-16/libgcc.a(_fpcmp_parts_sf.o)
                                0x1aa (size before relaxing)
 .debug_str     0x00000000      0x16c /usr/lib/gcc/msp430/4.6.3/mmpy-16/libgcc.a(_clz.o)
 .debug_str     0x0000035b       0x5c /usr/lib/gcc/msp430/4.6.3/../../../../msp430/lib/mmpy-16/libc.a(strncmp.o)
                                 0xfd (size before relaxing)
 .debug_str     0x000003b7       0x19 /usr/lib/gcc/msp430/4.6.3/../../../../msp430/lib/mmpy-16/libc.a(memcmp.o)
                                 0xfb (size before relaxing)
 .debug_str     0x000003d0       0x34 /usr/lib/gcc/msp430/4.6.3/../../../../msp430/lib/mmpy-16/libc.a(memcpy.o)
                                0x116 (size before relaxing)
 .debug_str     0x00000404       0x26 /usr/lib/gcc/msp430/4.6.3/../../../../msp430/lib/mmpy-16/libc.a(memset.o)
                                0x114 (size before relaxing)
 .debug_str     0x0000042a       0x40 /usr/lib/gcc/msp430/4.6.3/../../../../msp430/lib/mmpy-16/libc.a(printf.o)
                                0x12a (size before relaxing)
 .debug_str     0x0000046a      0x221 /usr/lib/gcc/msp430/4.6.3/../../../../msp430/lib/mmpy-16/libc.a(vuprintf.o)
                                0x375 (size before relaxing)
 .debug_str     0x0000068b       0x15 /usr/lib/gcc/msp430/4.6.3/../../../../msp430/lib/mmpy-16/libc.a(puts.o)
                                 0xf0 (size before relaxing)
 .debug_str     0x000006a0       0x2f /usr/lib/gcc/msp430/4.6.3/../../../../msp430/lib/mmpy-16/libc.a(rand.o)
                                0x10f (size before relaxing)

.debug_loc      0x00000000     0x1508
 *(.debug_loc)
 .debug_loc     0x00000000      0x2ca /usr/lib/gcc/msp430/4.6.3/mmpy-16/libgcc.a(_addsub_sf.o)
 .debug_loc     0x000002ca      0x23c /usr/lib/gcc/msp430/4.6.3/mmpy-16/libgcc.a(_mul_sf.o)
 .debug_loc     0x00000506      0x110 /usr/lib/gcc/msp430/4.6.3/mmpy-16/libgcc.a(_div_sf.o)
 .debug_loc     0x00000616       0x3c /usr/lib/gcc/msp430/4.6.3/mmpy-16/libgcc.a(_eq_sf.o)
 .debug_loc     0x00000652       0x3c /usr/lib/gcc/msp430/4.6.3/mmpy-16/libgcc.a(_gt_sf.o)
 .debug_loc     0x0000068e       0x3c /usr/lib/gcc/msp430/4.6.3/mmpy-16/libgcc.a(_sf_to_si.o)
 .debug_loc     0x000006ca       0x6c /usr/lib/gcc/msp430/4.6.3/mmpy-16/libgcc.a(_usi_to_sf.o)
 .debug_loc     0x00000736       0x80 /usr/lib/gcc/msp430/4.6.3/mmpy-16/libgcc.a(_clzsi2.o)
 .debug_loc     0x000007b6      0x181 /usr/lib/gcc/msp430/4.6.3/mmpy-16/libgcc.a(_pack_sf.o)
 .debug_loc     0x00000937       0x83 /usr/lib/gcc/msp430/4.6.3/mmpy-16/libgcc.a(_unpack_sf.o)
 .debug_loc     0x000009ba       0x5b /usr/lib/gcc/msp430/4.6.3/mmpy-16/libgcc.a(_fpcmp_parts_sf.o)
 .debug_loc     0x00000a15       0x38 /usr/lib/gcc/msp430/4.6.3/../../../../msp430/lib/mmpy-16/libc.a(strncmp.o)
 .debug_loc     0x00000a4d       0x5e /usr/lib/gcc/msp430/4.6.3/../../../../msp430/lib/mmpy-16/libc.a(memcmp.o)
 .debug_loc     0x00000aab      0x1e9 /usr/lib/gcc/msp430/4.6.3/../../../../msp430/lib/mmpy-16/libc.a(memcpy.o)
 .debug_loc     0x00000c94       0xdb /usr/lib/gcc/msp430/4.6.3/../../../../msp430/lib/mmpy-16/libc.a(memset.o)
 .debug_loc     0x00000d6f       0x38 /usr/lib/gcc/msp430/4.6.3/../../../../msp430/lib/mmpy-16/libc.a(printf.o)
 .debug_loc     0x00000da7      0x70c /usr/lib/gcc/msp430/4.6.3/../../../../msp430/lib/mmpy-16/libc.a(vuprintf.o)
 .debug_loc     0x000014b3       0x26 /usr/lib/gcc/msp430/4.6.3/../../../../msp430/lib/mmpy-16/libc.a(puts.o)
 .debug_loc     0x000014d9       0x2f /usr/lib/gcc/msp430/4.6.3/../../../../msp430/lib/mmpy-16/libc.a(rand.o)

.debug_macinfo
 *(.debug_macinfo)

.debug_pubtypes
 *(.debug_pubtypes)

.debug_ranges   0x00000000       0x84
 *(.debug_ranges)
 .debug_ranges  0x00000000       0x14 /usr/lib/gcc/msp430/4.6.3/mmpy-16/libgcc.a(_addsub_sf.o)
 .debug_ranges  0x00000014       0x28 /usr/lib/gcc/msp430/4.6.3/mmpy-16/libgcc.a(_mul_sf.o)
 .debug_ranges  0x0000003c       0x24 /usr/lib/gcc/msp430/4.6.3/mmpy-16/libgcc.a(_div_sf.o)
 .debug_ranges  0x00000060        0xc /usr/lib/gcc/msp430/4.6.3/mmpy-16/libgcc.a(_clzsi2.o)
 .debug_ranges  0x0000006c       0x18 /usr/lib/gcc/msp430/4.6.3/../../../../msp430/lib/mmpy-16/libc.a(vuprintf.o)
                0x00003900                PROVIDE (__stack, (ORIGIN (ram) + 0x2800))
                0x0000a76a                PROVIDE (__data_start_rom, _etext)
                0x0000a7f8                PROVIDE (__data_end_rom, (_etext + SIZEOF (.data)))
OUTPUT(tree_routing_bnn_prr_datasend.sky elf32-msp430)
